Component: ARM Compiler 5.06 update 7 (build 960) Tool: armlink [4d3601]

==============================================================================

Section Cross References

    startup_stm32f103xb.o(RESET) refers to startup_stm32f103xb.o(STACK) for __initial_sp
    startup_stm32f103xb.o(RESET) refers to startup_stm32f103xb.o(.text) for Reset_Handler
    startup_stm32f103xb.o(RESET) refers to stm32f1xx_it.o(i.NMI_Handler) for NMI_Handler
    startup_stm32f103xb.o(RESET) refers to stm32f1xx_it.o(i.HardFault_Handler) for HardFault_Handler
    startup_stm32f103xb.o(RESET) refers to stm32f1xx_it.o(i.MemManage_Handler) for MemManage_Handler
    startup_stm32f103xb.o(RESET) refers to stm32f1xx_it.o(i.BusFault_Handler) for BusFault_Handler
    startup_stm32f103xb.o(RESET) refers to stm32f1xx_it.o(i.UsageFault_Handler) for UsageFault_Handler
    startup_stm32f103xb.o(RESET) refers to port.o(.emb_text) for SVC_Handler
    startup_stm32f103xb.o(RESET) refers to stm32f1xx_it.o(i.DebugMon_Handler) for DebugMon_Handler
    startup_stm32f103xb.o(RESET) refers to port.o(i.SysTick_Handler) for SysTick_Handler
    startup_stm32f103xb.o(RESET) refers to stm32f1xx_it.o(i.TIM4_IRQHandler) for TIM4_IRQHandler
    startup_stm32f103xb.o(.text) refers to system_stm32f1xx.o(i.SystemInit) for SystemInit
    startup_stm32f103xb.o(.text) refers to entry.o(.ARM.Collect$$$$00000000) for __main
    main.o(i.HAL_TIM_PeriodElapsedCallback) refers to stm32f1xx_hal.o(i.HAL_IncTick) for HAL_IncTick
    main.o(i.SystemClock_Config) refers to memseta.o(.text) for __aeabi_memclr4
    main.o(i.SystemClock_Config) refers to stm32f1xx_hal_rcc.o(i.HAL_RCC_OscConfig) for HAL_RCC_OscConfig
    main.o(i.SystemClock_Config) refers to stm32f1xx_hal_rcc.o(i.HAL_RCC_ClockConfig) for HAL_RCC_ClockConfig
    main.o(i.main) refers to stm32f1xx_hal.o(i.HAL_Init) for HAL_Init
    main.o(i.main) refers to main.o(i.SystemClock_Config) for SystemClock_Config
    main.o(i.main) refers to gpio.o(i.MX_GPIO_Init) for MX_GPIO_Init
    main.o(i.main) refers to usart.o(i.MX_USART1_UART_Init) for MX_USART1_UART_Init
    main.o(i.main) refers to cmsis_os2.o(i.osKernelInitialize) for osKernelInitialize
    main.o(i.main) refers to freertos.o(i.MX_FREERTOS_Init) for MX_FREERTOS_Init
    main.o(i.main) refers to cmsis_os2.o(i.osKernelStart) for osKernelStart
    gpio.o(i.MX_GPIO_Init) refers to stm32f1xx_hal_gpio.o(i.HAL_GPIO_WritePin) for HAL_GPIO_WritePin
    gpio.o(i.MX_GPIO_Init) refers to stm32f1xx_hal_gpio.o(i.HAL_GPIO_Init) for HAL_GPIO_Init
    freertos.o(i.MX_FREERTOS_Init) refers to taskinit.o(i.TaskInit) for TaskInit
    freertos.o(i.MX_FREERTOS_Init) refers to cmsis_os2.o(i.osThreadNew) for osThreadNew
    freertos.o(i.MX_FREERTOS_Init) refers to freertos.o(.constdata) for .constdata
    freertos.o(i.MX_FREERTOS_Init) refers to freertos.o(i.StartDefaultTask) for StartDefaultTask
    freertos.o(i.MX_FREERTOS_Init) refers to freertos.o(.data) for .data
    freertos.o(i.StartDefaultTask) refers to stm32f1xx_hal_gpio.o(i.HAL_GPIO_TogglePin) for HAL_GPIO_TogglePin
    freertos.o(i.StartDefaultTask) refers to cmsis_os2.o(i.osDelay) for osDelay
    freertos.o(.constdata) refers to freertos.o(.conststring) for .conststring
    usart.o(i.HAL_UART_MspDeInit) refers to stm32f1xx_hal_gpio.o(i.HAL_GPIO_DeInit) for HAL_GPIO_DeInit
    usart.o(i.HAL_UART_MspInit) refers to stm32f1xx_hal_gpio.o(i.HAL_GPIO_Init) for HAL_GPIO_Init
    usart.o(i.MX_USART1_UART_Init) refers to stm32f1xx_hal_uart.o(i.HAL_UART_Init) for HAL_UART_Init
    usart.o(i.MX_USART1_UART_Init) refers to main.o(i.Error_Handler) for Error_Handler
    usart.o(i.MX_USART1_UART_Init) refers to usart.o(.bss) for .bss
    usart.o(i.fputc) refers to stm32f1xx_hal_uart.o(i.HAL_UART_Transmit) for HAL_UART_Transmit
    usart.o(i.fputc) refers to usart.o(.bss) for .bss
    stm32f1xx_it.o(i.TIM4_IRQHandler) refers to stm32f1xx_hal_tim.o(i.HAL_TIM_IRQHandler) for HAL_TIM_IRQHandler
    stm32f1xx_it.o(i.TIM4_IRQHandler) refers to stm32f1xx_hal_timebase_tim.o(.bss) for htim4
    stm32f1xx_hal_msp.o(i.HAL_MspInit) refers to stm32f1xx_hal_cortex.o(i.HAL_NVIC_SetPriority) for HAL_NVIC_SetPriority
    stm32f1xx_hal_timebase_tim.o(i.HAL_InitTick) refers to stm32f1xx_hal_rcc.o(i.HAL_RCC_GetClockConfig) for HAL_RCC_GetClockConfig
    stm32f1xx_hal_timebase_tim.o(i.HAL_InitTick) refers to stm32f1xx_hal_rcc.o(i.HAL_RCC_GetPCLK1Freq) for HAL_RCC_GetPCLK1Freq
    stm32f1xx_hal_timebase_tim.o(i.HAL_InitTick) refers to stm32f1xx_hal_tim.o(i.HAL_TIM_Base_Init) for HAL_TIM_Base_Init
    stm32f1xx_hal_timebase_tim.o(i.HAL_InitTick) refers to stm32f1xx_hal_tim.o(i.HAL_TIM_Base_Start_IT) for HAL_TIM_Base_Start_IT
    stm32f1xx_hal_timebase_tim.o(i.HAL_InitTick) refers to stm32f1xx_hal_cortex.o(i.HAL_NVIC_EnableIRQ) for HAL_NVIC_EnableIRQ
    stm32f1xx_hal_timebase_tim.o(i.HAL_InitTick) refers to stm32f1xx_hal_cortex.o(i.HAL_NVIC_SetPriority) for HAL_NVIC_SetPriority
[...]
    i.BQ76940_GetCalibrationParams           0x08000ab0   Section        0  bsp_bq76940.o(i.BQ76940_GetCalibrationParams)
    BQ76940_GetCalibrationParams             0x08000ab1   Thumb Code   108  bsp_bq76940.o(i.BQ76940_GetCalibrationParams)
    i.BQ76940_Init                           0x08000b88   Section        0  bsp_bq76940.o(i.BQ76940_Init)
    i.BQ76940_ReadByteWithCRC                0x08000cac   Section        0  bsp_bq76940.o(i.BQ76940_ReadByteWithCRC)
    BQ76940_ReadByteWithCRC                  0x08000cad   Thumb Code    44  bsp_bq76940.o(i.BQ76940_ReadByteWithCRC)
    i.BQ76940_ReadCellVoltages               0x08000d00   Section        0  bsp_bq76940.o(i.BQ76940_ReadCellVoltages)
    i.BQ76940_ReadCurrent                    0x08000da4   Section        0  bsp_bq76940.o(i.BQ76940_ReadCurrent)
    i.BQ76940_ReadHalfWordWithCRC            0x08000e18   Section        0  bsp_bq76940.o(i.BQ76940_ReadHalfWordWithCRC)
    BQ76940_ReadHalfWordWithCRC              0x08000e19   Thumb Code    74  bsp_bq76940.o(i.BQ76940_ReadHalfWordWithCRC)
    i.BQ76940_ReadTemperature                0x08000eac   Section        0  bsp_bq76940.o(i.BQ76940_ReadTemperature)
    i.BQ76940_WriteByteWithCRC               0x08000f9c   Section        0  bsp_bq76940.o(i.BQ76940_WriteByteWithCRC)
    BQ76940_WriteByteWithCRC                 0x08000f9d   Thumb Code   108  bsp_bq76940.o(i.BQ76940_WriteByteWithCRC)
    i.BalanceControlTask                     0x08001030   Section        0  balancecontroltask.o(i.BalanceControlTask)
    i.BatteryGaugeTask                       0x0800103c   Section        0  batterygaugetask.o(i.BatteryGaugeTask)
    i.BusFault_Handler                       0x08001048   Section        0  stm32f1xx_it.o(i.BusFault_Handler)
    i.CommTask                               0x0800104a   Section        0  commtask.o(i.CommTask)
    i.DataAcqTask                            0x08001058   Section        0  dataacqtask.o(i.DataAcqTask)
    i.DebugMon_Handler                       0x0800120c   Section        0  stm32f1xx_it.o(i.DebugMon_Handler)
    i.Error_Handler                          0x0800120e   Section        0  main.o(i.Error_Handler)
    i.FaultProtectTask                       0x08001212   Section        0  faultprotecttask.o(i.FaultProtectTask)
    i.HAL_Delay                              0x08001220   Section        0  stm32f1xx_hal.o(i.HAL_Delay)
    i.HAL_GPIO_Init                          0x08001244   Section        0  stm32f1xx_hal_gpio.o(i.HAL_GPIO_Init)
    i.HAL_GPIO_ReadPin                       0x08001424   Section        0  stm32f1xx_hal_gpio.o(i.HAL_GPIO_ReadPin)
    i.HAL_GPIO_TogglePin                     0x0800142e   Section        0  stm32f1xx_hal_gpio.o(i.HAL_GPIO_TogglePin)
    i.HAL_GPIO_WritePin                      0x0800143e   Section        0  stm32f1xx_hal_gpio.o(i.HAL_GPIO_WritePin)
    i.HAL_GetTick                            0x08001448   Section        0  stm32f1xx_hal.o(i.HAL_GetTick)
    i.HAL_IncTick                            0x08001454   Section        0  stm32f1xx_hal.o(i.HAL_IncTick)
    i.HAL_Init                               0x08001464   Section        0  stm32f1xx_hal.o(i.HAL_Init)
    i.HAL_InitTick                           0x08001488   Section        0  stm32f1xx_hal_timebase_tim.o(i.HAL_InitTick)
    i.HAL_MspInit                            0x08001520   Section        0  stm32f1xx_hal_msp.o(i.HAL_MspInit)
    i.HAL_NVIC_EnableIRQ                     0x08001568   Section        0  stm32f1xx_hal_cortex.o(i.HAL_NVIC_EnableIRQ)
    i.HAL_NVIC_SetPriority                   0x08001584   Section        0  stm32f1xx_hal_cortex.o(i.HAL_NVIC_SetPriority)
    i.HAL_NVIC_SetPriorityGrouping           0x080015c4   Section        0  stm32f1xx_hal_cortex.o(i.HAL_NVIC_SetPriorityGrouping)
    i.HAL_RCC_ClockConfig                    0x080015e8   Section        0  stm32f1xx_hal_rcc.o(i.HAL_RCC_ClockConfig)
    i.HAL_RCC_GetClockConfig                 0x08001714   Section        0  stm32f1xx_hal_rcc.o(i.HAL_RCC_GetClockConfig)
    i.HAL_RCC_GetPCLK1Freq                   0x08001754   Section        0  stm32f1xx_hal_rcc.o(i.HAL_RCC_GetPCLK1Freq)
    i.HAL_RCC_GetPCLK2Freq                   0x08001774   Section        0  stm32f1xx_hal_rcc.o(i.HAL_RCC_GetPCLK2Freq)
    i.HAL_RCC_GetSysClockFreq                0x08001794   Section        0  stm32f1xx_hal_rcc.o(i.HAL_RCC_GetSysClockFreq)
    i.HAL_RCC_OscConfig                      0x080017e0   Section        0  stm32f1xx_hal_rcc.o(i.HAL_RCC_OscConfig)
    i.HAL_TIMEx_BreakCallback                0x08001b00   Section        0  stm32f1xx_hal_tim_ex.o(i.HAL_TIMEx_BreakCallback)
    i.HAL_TIMEx_CommutCallback               0x08001b02   Section        0  stm32f1xx_hal_tim_ex.o(i.HAL_TIMEx_CommutCallback)
    i.HAL_TIM_Base_Init                      0x08001b04   Section        0  stm32f1xx_hal_tim.o(i.HAL_TIM_Base_Init)
    i.HAL_TIM_Base_MspInit                   0x08001b5e   Section        0  stm32f1xx_hal_tim.o(i.HAL_TIM_Base_MspInit)
    i.HAL_TIM_Base_Start_IT                  0x08001b60   Section        0  stm32f1xx_hal_tim.o(i.HAL_TIM_Base_Start_IT)
    i.HAL_TIM_IC_CaptureCallback             0x08001bb8   Section        0  stm32f1xx_hal_tim.o(i.HAL_TIM_IC_CaptureCallback)
    i.HAL_TIM_IRQHandler                     0x08001bba   Section        0  stm32f1xx_hal_tim.o(i.HAL_TIM_IRQHandler)
    i.HAL_TIM_OC_DelayElapsedCallback        0x08001d20   Section        0  stm32f1xx_hal_tim.o(i.HAL_TIM_OC_DelayElapsedCallback)
    i.HAL_TIM_PWM_PulseFinishedCallback      0x08001d22   Section        0  stm32f1xx_hal_tim.o(i.HAL_TIM_PWM_PulseFinishedCallback)
    i.HAL_TIM_PeriodElapsedCallback          0x08001d24   Section        0  main.o(i.HAL_TIM_PeriodElapsedCallback)
    i.HAL_TIM_TriggerCallback                0x08001d38   Section        0  stm32f1xx_hal_tim.o(i.HAL_TIM_TriggerCallback)
    i.HAL_UART_Init                          0x08001d3a   Section        0  stm32f1xx_hal_uart.o(i.HAL_UART_Init)
    i.HAL_UART_MspInit                       0x08001da0   Section        0  usart.o(i.HAL_UART_MspInit)
    i.HAL_UART_Transmit                      0x08001e10   Section        0  stm32f1xx_hal_uart.o(i.HAL_UART_Transmit)
    i.HardFault_Handler                      0x08001eaa   Section        0  stm32f1xx_it.o(i.HardFault_Handler)
    i.I2C_Delay                              0x08001eac   Section        0  drv_i2c.o(i.I2C_Delay)
    I2C_Delay                                0x08001ead   Thumb Code    26  drv_i2c.o(i.I2C_Delay)
    i.I2C_Read                               0x08001ec6   Section        0  drv_i2c.o(i.I2C_Read)
    i.I2C_ReadSDA                            0x08001f9e   Section        0  drv_i2c.o(i.I2C_ReadSDA)
    I2C_ReadSDA                              0x08001f9f   Thumb Code    20  drv_i2c.o(i.I2C_ReadSDA)
    i.I2C_ReceiveAck                         0x08001fb2   Section        0  drv_i2c.o(i.I2C_ReceiveAck)
    I2C_ReceiveAck                           0x08001fb3   Thumb Code    38  drv_i2c.o(i.I2C_ReceiveAck)
    i.I2C_SendByte                           0x08001fd8   Section        0  drv_i2c.o(i.I2C_SendByte)
    I2C_SendByte                             0x08001fd9   Thumb Code    48  drv_i2c.o(i.I2C_SendByte)
    i.I2C_Start                              0x08002008   Section        0  drv_i2c.o(i.I2C_Start)
    I2C_Start                                0x08002009   Thumb Code    38  drv_i2c.o(i.I2C_Start)
    i.I2C_Stop                               0x0800202e   Section        0  drv_i2c.o(i.I2C_Stop)
    I2C_Stop                                 0x0800202f   Thumb Code    30  drv_i2c.o(i.I2C_Stop)
    i.I2C_Write                              0x0800204c   Section        0  drv_i2c.o(i.I2C_Write)
    i.I2C_WriteSCL                           0x080020ba   Section        0  drv_i2c.o(i.I2C_WriteSCL)
    I2C_WriteSCL                             0x080020bb   Thumb Code    22  drv_i2c.o(i.I2C_WriteSCL)
    i.I2C_WriteSDA                           0x080020d0   Section        0  drv_i2c.o(i.I2C_WriteSDA)
    I2C_WriteSDA                             0x080020d1   Thumb Code    22  drv_i2c.o(i.I2C_WriteSDA)
    i.MX_FREERTOS_Init                       0x080020e8   Section        0  freertos.o(i.MX_FREERTOS_Init)
    i.MX_GPIO_Init                           0x0800210c   Section        0  gpio.o(i.MX_GPIO_Init)
    i.MX_USART1_UART_Init                    0x0800216c   Section        0  usart.o(i.MX_USART1_UART_Init)
    i.MemManage_Handler                      0x080021a4   Section        0  stm32f1xx_it.o(i.MemManage_Handler)
    i.NMI_Handler                            0x080021a6   Section        0  stm32f1xx_it.o(i.NMI_Handler)
    i.StartDefaultTask                       0x080021a8   Section        0  freertos.o(i.StartDefaultTask)
    i.StateControlTask                       0x080021c8   Section        0  statecontroltask.o(i.StateControlTask)
    i.SysTick_Handler                        0x080021d4   Section        0  port.o(i.SysTick_Handler)
    i.SystemClock_Config                     0x08002200   Section        0  main.o(i.SystemClock_Config)
    i.SystemInit                             0x0800225e   Section        0  system_stm32f1xx.o(i.SystemInit)
    i.TIM4_IRQHandler                        0x08002260   Section        0  stm32f1xx_it.o(i.TIM4_IRQHandler)
    i.TIM_Base_SetConfig                     0x0800226c   Section        0  stm32f1xx_hal_tim.o(i.TIM_Base_SetConfig)
    i.TaskInit                               0x080022d8   Section        0  taskinit.o(i.TaskInit)
    i.UART_SetConfig                         0x08002350   Section        0  stm32f1xx_hal_uart.o(i.UART_SetConfig)
    UART_SetConfig                           0x08002351   Thumb Code   178  stm32f1xx_hal_uart.o(i.UART_SetConfig)
    i.UART_WaitOnFlagUntilTimeout            0x08002408   Section        0  stm32f1xx_hal_uart.o(i.UART_WaitOnFlagUntilTimeout)
    UART_WaitOnFlagUntilTimeout              0x08002409   Thumb Code   120  stm32f1xx_hal_uart.o(i.UART_WaitOnFlagUntilTimeout)
    i.UsageFault_Handler                     0x08002480   Section        0  stm32f1xx_it.o(i.UsageFault_Handler)
    i.__0printf$8                            0x08002484   Section        0  printf8.o(i.__0printf$8)
    i.__NVIC_SetPriority                     0x080024a4   Section        0  stm32f1xx_hal_cortex.o(i.__NVIC_SetPriority)
    __NVIC_SetPriority                       0x080024a5   Thumb Code    32  stm32f1xx_hal_cortex.o(i.__NVIC_SetPriority)
    i.__kernel_poly                          0x080024c4   Section        0  poly.o(i.__kernel_poly)
    i.__mathlib_dbl_divzero                  0x08002570   Section        0  dunder.o(i.__mathlib_dbl_divzero)
    i.__mathlib_dbl_infnan                   0x08002580   Section        0  dunder.o(i.__mathlib_dbl_infnan)
    i.__mathlib_dbl_invalid                  0x08002586   Section        0  dunder.o(i.__mathlib_dbl_invalid)
    i.__scatterload_copy                     0x08002592   Section       14  handlers.o(i.__scatterload_copy)
    i.__scatterload_null                     0x080025a0   Section        2  handlers.o(i.__scatterload_null)
    i.__scatterload_zeroinit                 0x080025a2   Section       14  handlers.o(i.__scatterload_zeroinit)
    i.__set_errno                            0x080025b0   Section        0  errno.o(i.__set_errno)
    i._printf_core                           0x080025bc   Section        0  printf8.o(i._printf_core)
    _printf_core                             0x080025bd   Thumb Code   984  printf8.o(i._printf_core)
    i._printf_post_padding                   0x080029c0   Section        0  printf8.o(i._printf_post_padding)
    _printf_post_padding                     0x080029c1   Thumb Code    36  printf8.o(i._printf_post_padding)
    i._printf_pre_padding                    0x080029e4   Section        0  printf8.o(i._printf_pre_padding)
    _printf_pre_padding                      0x080029e5   Thumb Code    46  printf8.o(i._printf_pre_padding)
    i.fputc                                  0x08002a14   Section        0  usart.o(i.fputc)
    i.log                                    0x08002a2c   Section        0  log.o(i.log)
    i.main                                   0x08002d88   Section        0  main.o(i.main)
    i.osDelay                                0x08002da8   Section        0  cmsis_os2.o(i.osDelay)
    i.osKernelInitialize                     0x08002ddc   Section        0  cmsis_os2.o(i.osKernelInitialize)
    i.osKernelStart                          0x08002e14   Section        0  cmsis_os2.o(i.osKernelStart)
    i.osThreadNew                            0x08002e54   Section        0  cmsis_os2.o(i.osThreadNew)
    i.prvAddCurrentTaskToDelayedList         0x08002ef8   Section        0  tasks.o(i.prvAddCurrentTaskToDelayedList)
    prvAddCurrentTaskToDelayedList           0x08002ef9   Thumb Code    84  tasks.o(i.prvAddCurrentTaskToDelayedList)
    i.prvAddNewTaskToReadyList               0x08002f54   Section        0  tasks.o(i.prvAddNewTaskToReadyList)
    prvAddNewTaskToReadyList                 0x08002f55   Thumb Code   190  tasks.o(i.prvAddNewTaskToReadyList)
    i.prvCheckForValidListAndQueue           0x08003024   Section        0  timers.o(i.prvCheckForValidListAndQueue)
    prvCheckForValidListAndQueue             0x08003025   Thumb Code    72  timers.o(i.prvCheckForValidListAndQueue)
    i.prvCopyDataFromQueue                   0x0800307c   Section        0  queue.o(i.prvCopyDataFromQueue)
    prvCopyDataFromQueue                     0x0800307d   Thumb Code    38  queue.o(i.prvCopyDataFromQueue)
    i.prvCopyDataToQueue                     0x080030a2   Section        0  queue.o(i.prvCopyDataToQueue)
    prvCopyDataToQueue                       0x080030a3   Thumb Code   108  queue.o(i.prvCopyDataToQueue)
    i.prvDeleteTCB                           0x0800310e   Section        0  tasks.o(i.prvDeleteTCB)
    prvDeleteTCB                             0x0800310f   Thumb Code    52  tasks.o(i.prvDeleteTCB)
    i.prvHeapInit                            0x08003144   Section        0  heap_4.o(i.prvHeapInit)
    prvHeapInit                              0x08003145   Thumb Code    66  heap_4.o(i.prvHeapInit)
    i.prvIdleTask                            0x08003190   Section        0  tasks.o(i.prvIdleTask)
    prvIdleTask                              0x08003191   Thumb Code    82  tasks.o(i.prvIdleTask)
    i.prvInitialiseNewQueue                  0x080031f0   Section        0  queue.o(i.prvInitialiseNewQueue)
    prvInitialiseNewQueue                    0x080031f1   Thumb Code    34  queue.o(i.prvInitialiseNewQueue)
    i.prvInitialiseNewTask                   0x08003212   Section        0  tasks.o(i.prvInitialiseNewTask)
    prvInitialiseNewTask                     0x08003213   Thumb Code   156  tasks.o(i.prvInitialiseNewTask)
    i.prvInsertBlockIntoFreeList             0x080032b0   Section        0  heap_4.o(i.prvInsertBlockIntoFreeList)
    prvInsertBlockIntoFreeList               0x080032b1   Thumb Code    72  heap_4.o(i.prvInsertBlockIntoFreeList)
    i.prvInsertTimerInActiveList             0x080032fc   Section        0  timers.o(i.prvInsertTimerInActiveList)
    prvInsertTimerInActiveList               0x080032fd   Thumb Code    52  timers.o(i.prvInsertTimerInActiveList)
    i.prvIsQueueEmpty                        0x08003334   Section        0  queue.o(i.prvIsQueueEmpty)
    prvIsQueueEmpty                          0x08003335   Thumb Code    28  queue.o(i.prvIsQueueEmpty)
    i.prvProcessReceivedCommands             0x08003350   Section        0  timers.o(i.prvProcessReceivedCommands)
    prvProcessReceivedCommands               0x08003351   Thumb Code   198  timers.o(i.prvProcessReceivedCommands)
    i.prvProcessTimerOrBlockTask             0x0800341c   Section        0  timers.o(i.prvProcessTimerOrBlockTask)
    prvProcessTimerOrBlockTask               0x0800341d   Thumb Code   172  timers.o(i.prvProcessTimerOrBlockTask)
    i.prvResetNextTaskUnblockTime            0x080034d0   Section        0  tasks.o(i.prvResetNextTaskUnblockTime)
    prvResetNextTaskUnblockTime              0x080034d1   Thumb Code    26  tasks.o(i.prvResetNextTaskUnblockTime)
    i.prvSampleTimeNow                       0x080034f0   Section        0  timers.o(i.prvSampleTimeNow)
    prvSampleTimeNow                         0x080034f1   Thumb Code    36  timers.o(i.prvSampleTimeNow)
    i.prvSwitchTimerLists                    0x08003518   Section        0  timers.o(i.prvSwitchTimerLists)
    prvSwitchTimerLists                      0x08003519   Thumb Code   102  timers.o(i.prvSwitchTimerLists)
    i.prvTaskExitError                       0x08003584   Section        0  port.o(i.prvTaskExitError)
    prvTaskExitError                         0x08003585   Thumb Code    36  port.o(i.prvTaskExitError)
    i.prvTimerTask                           0x080035ac   Section        0  timers.o(i.prvTimerTask)
    prvTimerTask                             0x080035ad   Thumb Code    32  timers.o(i.prvTimerTask)
    i.prvUnlockQueue                         0x080035d0   Section        0  queue.o(i.prvUnlockQueue)
    prvUnlockQueue                           0x080035d1   Thumb Code   106  queue.o(i.prvUnlockQueue)
    i.pvPortMalloc                           0x0800363c   Section        0  heap_4.o(i.pvPortMalloc)
    i.pxPortInitialiseStack                  0x08003714   Section        0  port.o(i.pxPortInitialiseStack)
    i.uxListRemove                           0x08003738   Section        0  list.o(i.uxListRemove)
    i.vApplicationGetIdleTaskMemory          0x08003760   Section        0  cmsis_os2.o(i.vApplicationGetIdleTaskMemory)
    i.vApplicationGetTimerTaskMemory         0x08003774   Section        0  cmsis_os2.o(i.vApplicationGetTimerTaskMemory)
    i.vListInitialise                        0x0800378c   Section        0  list.o(i.vListInitialise)
    i.vListInitialiseItem                    0x080037a2   Section        0  list.o(i.vListInitialiseItem)
    i.vListInsert                            0x080037a8   Section        0  list.o(i.vListInsert)
    i.vListInsertEnd                         0x080037d8   Section        0  list.o(i.vListInsertEnd)
    i.vPortEnterCritical                     0x080037f0   Section        0  port.o(i.vPortEnterCritical)
    i.vPortExitCritical                      0x08003830   Section        0  port.o(i.vPortExitCritical)
    i.vPortFree                              0x08003858   Section        0  heap_4.o(i.vPortFree)
    i.vPortSetupTimerInterrupt               0x080038b4   Section        0  port.o(i.vPortSetupTimerInterrupt)
    i.vPortValidateInterruptPriority         0x080038d8   Section        0  port.o(i.vPortValidateInterruptPriority)
    i.vQueueAddToRegistry                    0x0800392c   Section        0  queue.o(i.vQueueAddToRegistry)
    i.vQueueWaitForMessageRestricted         0x08003954   Section        0  queue.o(i.vQueueWaitForMessageRestricted)
    i.vTaskDelay                             0x08003998   Section        0  tasks.o(i.vTaskDelay)
    i.vTaskInternalSetTimeOutState           0x080039e4   Section        0  tasks.o(i.vTaskInternalSetTimeOutState)
    i.vTaskMissedYield                       0x080039f4   Section        0  tasks.o(i.vTaskMissedYield)
    i.vTaskPlaceOnEventList                  0x08003a00   Section        0  tasks.o(i.vTaskPlaceOnEventList)
    i.vTaskPlaceOnEventListRestricted        0x08003a30   Section        0  tasks.o(i.vTaskPlaceOnEventListRestricted)
    i.vTaskStartScheduler                    0x08003a68   Section        0  tasks.o(i.vTaskStartScheduler)
    i.vTaskSuspendAll                        0x08003af0   Section        0  tasks.o(i.vTaskSuspendAll)
    i.vTaskSwitchContext                     0x08003b00   Section        0  tasks.o(i.vTaskSwitchContext)
    i.xPortStartScheduler                    0x08003b64   Section        0  port.o(i.xPortStartScheduler)
    i.xQueueGenericCreateStatic              0x08003c0c   Section        0  queue.o(i.xQueueGenericCreateStatic)
    i.xQueueGenericReset                     0x08003c74   Section        0  queue.o(i.xQueueGenericReset)
    i.xQueueGenericSend                      0x08003cfc   Section        0  queue.o(i.xQueueGenericSend)
    i.xQueueGenericSendFromISR               0x08003e5c   Section        0  queue.o(i.xQueueGenericSendFromISR)
    i.xQueueReceive                          0x08003f18   Section        0  queue.o(i.xQueueReceive)
    i.xTaskCheckForTimeOut                   0x08004050   Section        0  tasks.o(i.xTaskCheckForTimeOut)
    i.xTaskCreate                            0x080040c4   Section        0  tasks.o(i.xTaskCreate)
    i.xTaskCreateStatic                      0x0800411e   Section        0  tasks.o(i.xTaskCreateStatic)
    i.xTaskGetSchedulerState                 0x08004174   Section        0  tasks.o(i.xTaskGetSchedulerState)
    i.xTaskGetTickCount                      0x08004190   Section        0  tasks.o(i.xTaskGetTickCount)
    i.xTaskIncrementTick                     0x0800419c   Section        0  tasks.o(i.xTaskIncrementTick)
    i.xTaskPriorityDisinherit                0x08004264   Section        0  tasks.o(i.xTaskPriorityDisinherit)
    i.xTaskRemoveFromEventList               0x080042e4   Section        0  tasks.o(i.xTaskRemoveFromEventList)
    i.xTaskResumeAll                         0x08004354   Section        0  tasks.o(i.xTaskResumeAll)
    i.xTimerCreateTimerTask                  0x08004418   Section        0  timers.o(i.xTimerCreateTimerTask)
    i.xTimerGenericCommand                   0x08004478   Section        0  timers.o(i.xTimerGenericCommand)
    .constdata                               0x080044e0   Section       36  freertos.o(.constdata)
    .constdata                               0x08004504   Section       18  stm32f1xx_hal_rcc.o(.constdata)
    aPredivFactorTable                       0x08004504   Data           2  stm32f1xx_hal_rcc.o(.constdata)
    aPLLMULFactorTable                       0x08004506   Data          16  stm32f1xx_hal_rcc.o(.constdata)
    .constdata                               0x08004516   Section       16  system_stm32f1xx.o(.constdata)
    .constdata                               0x08004526   Section        8  system_stm32f1xx.o(.constdata)
    .constdata                               0x08004530   Section      216  taskinit.o(.constdata)
    .constdata                               0x08004608   Section        9  bsp_bq76940.o(.constdata)
    cell_id_index_map                        0x08004608   Data           9  bsp_bq76940.o(.constdata)
    .constdata                               0x08004618   Section       56  log.o(.constdata)
    Lg2                                      0x08004618   Data          24  log.o(.constdata)
    Lg                                       0x08004630   Data          32  log.o(.constdata)
    .constdata                               0x08004650   Section        8  qnan.o(.constdata)
    .conststring                             0x08004658   Section       12  freertos.o(.conststring)
    .conststring                             0x08004664   Section      101  taskinit.o(.conststring)
    .data                                    0x20000000   Section        4  freertos.o(.data)
    .data                                    0x20000004   Section       12  stm32f1xx_hal.o(.data)
    .data                                    0x20000010   Section        4  system_stm32f1xx.o(.data)
    .data                                    0x20000014   Section       60  tasks.o(.data)
    pxDelayedTaskList                        0x20000018   Data           4  tasks.o(.data)
    pxOverflowDelayedTaskList                0x2000001c   Data           4  tasks.o(.data)
    uxDeletedTasksWaitingCleanUp             0x20000020   Data           4  tasks.o(.data)
    uxCurrentNumberOfTasks                   0x20000024   Data           4  tasks.o(.data)
    xTickCount                               0x20000028   Data           4  tasks.o(.data)
    uxTopReadyPriority                       0x2000002c   Data           4  tasks.o(.data)
    xSchedulerRunning                        0x20000030   Data           4  tasks.o(.data)
    uxPendedTicks                            0x20000034   Data           4  tasks.o(.data)
    xYieldPending                            0x20000038   Data           4  tasks.o(.data)
    xNumOfOverflows                          0x2000003c   Data           4  tasks.o(.data)
    uxTaskNumber                             0x20000040   Data           4  tasks.o(.data)
    xNextTaskUnblockTime                     0x20000044   Data           4  tasks.o(.data)
    xIdleTaskHandle                          0x20000048   Data           4  tasks.o(.data)
    uxSchedulerSuspended                     0x2000004c   Data           4  tasks.o(.data)
    .data                                    0x20000050   Section       20  timers.o(.data)
    pxCurrentTimerList                       0x20000050   Data           4  timers.o(.data)
    pxOverflowTimerList                      0x20000054   Data           4  timers.o(.data)
    xTimerQueue                              0x20000058   Data           4  timers.o(.data)
    xTimerTaskHandle                         0x2000005c   Data           4  timers.o(.data)
    xLastTime                                0x20000060   Data           4  timers.o(.data)
    .data                                    0x20000064   Section        4  cmsis_os2.o(.data)
    KernelState                              0x20000064   Data           4  cmsis_os2.o(.data)
    .data                                    0x20000068   Section       24  heap_4.o(.data)
    pxEnd                                    0x20000068   Data           4  heap_4.o(.data)
    xFreeBytesRemaining                      0x2000006c   Data           4  heap_4.o(.data)
    xMinimumEverFreeBytesRemaining           0x20000070   Data           4  heap_4.o(.data)
    xBlockAllocatedBit                       0x20000074   Data           4  heap_4.o(.data)
    xStart                                   0x20000078   Data           8  heap_4.o(.data)
    .data                                    0x20000080   Section       12  port.o(.data)
    ucMaxSysCallPriority                     0x20000080   Data           1  port.o(.data)
    uxCriticalNesting                        0x20000084   Data           4  port.o(.data)
    ulMaxPRIGROUPValue                       0x20000088   Data           4  port.o(.data)
    .data                                    0x2000008c   Section       24  taskinit.o(.data)
    .data                                    0x200000a4   Section       16  bsp_bq76940.o(.data)
    adc_offset                               0x200000a4   Data           1  bsp_bq76940.o(.data)
    adc_gain                                 0x200000a6   Data           2  bsp_bq76940.o(.data)
    hi2c                                     0x200000a8   Data          12  bsp_bq76940.o(.data)
    .data                                    0x200000b4   Section        4  stdout.o(.data)
    .data                                    0x200000b8   Section        4  errno.o(.data)
    _errno                                   0x200000b8   Data           4  errno.o(.data)
    .bss                                     0x200000bc   Section       72  usart.o(.bss)
    .bss                                     0x20000104   Section       72  stm32f1xx_hal_timebase_tim.o(.bss)
    .bss                                     0x2000014c   Section       64  queue.o(.bss)
    .bss                                     0x2000018c   Section     1220  tasks.o(.bss)
    pxReadyTasksLists                        0x2000018c   Data        1120  tasks.o(.bss)
    xDelayedTaskList1                        0x200005ec   Data          20  tasks.o(.bss)
    xDelayedTaskList2                        0x20000600   Data          20  tasks.o(.bss)
    xPendingReadyList                        0x20000614   Data          20  tasks.o(.bss)
    xTasksWaitingTermination                 0x20000628   Data          20  tasks.o(.bss)
    xSuspendedTaskList                       0x2000063c   Data          20  tasks.o(.bss)
    .bss                                     0x20000650   Section      280  timers.o(.bss)
    xActiveTimerList1                        0x20000650   Data          20  timers.o(.bss)
    xActiveTimerList2                        0x20000664   Data          20  timers.o(.bss)
    xStaticTimerQueue                        0x20000678   Data          80  timers.o(.bss)
    ucStaticTimerQueueStorage                0x200006c8   Data         160  timers.o(.bss)
    .bss                                     0x20000768   Section     1720  cmsis_os2.o(.bss)
    Idle_TCB                                 0x20000768   Data          92  cmsis_os2.o(.bss)
    Idle_Stack                               0x200007c4   Data         512  cmsis_os2.o(.bss)
    Timer_TCB                                0x200009c4   Data          92  cmsis_os2.o(.bss)
    Timer_Stack                              0x20000a20   Data        1024  cmsis_os2.o(.bss)
    .bss                                     0x20000e20   Section    10240  heap_4.o(.bss)
    ucHeap                                   0x20000e20   Data       10240  heap_4.o(.bss)
    .bss                                     0x20003620   Section       34  bms_global.o(.bss)
    STACK                                    0x20003648   Section     1024  startup_stm32f103xb.o(STACK)

    Global Symbols

    Symbol Name                              Value     Ov Type        Size  Object(Section)

    BuildAttributes$$THM_ISAv4$P$D$K$B$S$PE$A:L22UL41UL21$X:L11$S22US41US21$IEEE1$IW$USESV6$~STKCKD$USESV7$~SHL$OTIME$ROPI$IEEEX$EBA8$MICROLIB$REQ8$PRES8$EABIv2 0x00000000   Number         0  anon$$obj.o ABSOLUTE
    __ARM_use_no_argv                        0x00000000   Number         0  main.o ABSOLUTE
    _printf_a                                0x00000000   Number         0  stubs.o ABSOLUTE
    _printf_c                                0x00000000   Number         0  stubs.o ABSOLUTE
    _printf_charcount                        0x00000000   Number         0  stubs.o ABSOLUTE
    _printf_d                                0x00000000   Number         0  stubs.o ABSOLUTE
    _printf_e                                0x00000000   Number         0  stubs.o ABSOLUTE
    _printf_f                                0x00000000   Number         0  stubs.o ABSOLUTE
    _printf_flags                            0x00000000   Number         0  stubs.o ABSOLUTE
    _printf_fp_dec                           0x00000000   Number         0  stubs.o ABSOLUTE
    _printf_fp_hex                           0x00000000   Number         0  stubs.o ABSOLUTE
    _printf_g                                0x00000000   Number         0  stubs.o ABSOLUTE
    _printf_i                                0x00000000   Number         0  stubs.o ABSOLUTE
    _printf_int_dec                          0x00000000   Number         0  stubs.o ABSOLUTE
    _printf_l                                0x00000000   Number         0  stubs.o ABSOLUTE
    _printf_lc                               0x00000000   Number         0  stubs.o ABSOLUTE
    _printf_ll                               0x00000000   Number         0  stubs.o ABSOLUTE
    _printf_lld                              0x00000000   Number         0  stubs.o ABSOLUTE
    _printf_lli                              0x00000000   Number         0  stubs.o ABSOLUTE
    _printf_llo                              0x00000000   Number         0  stubs.o ABSOLUTE
    _printf_llu                              0x00000000   Number         0  stubs.o ABSOLUTE
    _printf_llx                              0x00000000   Number         0  stubs.o ABSOLUTE
    _printf_longlong_dec                     0x00000000   Number         0  stubs.o ABSOLUTE
    _printf_longlong_hex                     0x00000000   Number         0  stubs.o ABSOLUTE
    _printf_longlong_oct                     0x00000000   Number         0  stubs.o ABSOLUTE
    _printf_ls                               0x00000000   Number         0  stubs.o ABSOLUTE
    _printf_mbtowc                           0x00000000   Number         0  stubs.o ABSOLUTE
    _printf_n                                0x00000000   Number         0  stubs.o ABSOLUTE
    _printf_o                                0x00000000   Number         0  stubs.o ABSOLUTE
    _printf_p                                0x00000000   Number         0  stubs.o ABSOLUTE
    _printf_percent                          0x00000000   Number         0  stubs.o ABSOLUTE
    _printf_pre_padding                      0x00000000   Number         0  stubs.o ABSOLUTE
    _printf_return_value                     0x00000000   Number         0  stubs.o ABSOLUTE
    _printf_s                                0x00000000   Number         0  stubs.o ABSOLUTE
    _printf_sizespec                         0x00000000   Number         0  stubs.o ABSOLUTE
    _printf_str                              0x00000000   Number         0  stubs.o ABSOLUTE
    _printf_truncate_signed                  0x00000000   Number         0  stubs.o ABSOLUTE
    _printf_truncate_unsigned                0x00000000   Number         0  stubs.o ABSOLUTE
    _printf_u                                0x00000000   Number         0  stubs.o ABSOLUTE
    _printf_wc                               0x00000000   Number         0  stubs.o ABSOLUTE
    _printf_wctomb                           0x00000000   Number         0  stubs.o ABSOLUTE
    _printf_widthprec                        0x00000000   Number         0  stubs.o ABSOLUTE
    _printf_x                                0x00000000   Number         0  stubs.o ABSOLUTE
    __arm_fini_                               - Undefined Weak Reference
    __cpp_initialize__aeabi_                  - Undefined Weak Reference
    __cxa_finalize                            - Undefined Weak Reference
    __decompress                              - Undefined Weak Reference
    _clock_init                               - Undefined Weak Reference
    _microlib_exit                            - Undefined Weak Reference
    __Vectors_Size                           0x000000ec   Number         0  startup_stm32f103xb.o ABSOLUTE
    __Vectors                                0x08000000   Data           4  startup_stm32f103xb.o(RESET)
    __Vectors_End                            0x080000ec   Data           0  startup_stm32f103xb.o(RESET)
    __main                                   0x080000ed   Thumb Code     0  entry.o(.ARM.Collect$$$$00000000)
    _main_stk                                0x080000ed   Thumb Code     0  entry2.o(.ARM.Collect$$$$00000001)
    _main_scatterload                        0x080000f1   Thumb Code     0  entry5.o(.ARM.Collect$$$$00000004)
    __main_after_scatterload                 0x080000f5   Thumb Code     0  entry5.o(.ARM.Collect$$$$00000004)
    _main_clock                              0x080000f5   Thumb Code     0  entry7b.o(.ARM.Collect$$$$00000008)
    _main_cpp_init                           0x080000f5   Thumb Code     0  entry8b.o(.ARM.Collect$$$$0000000A)
    _main_init                               0x080000f5   Thumb Code     0  entry9a.o(.ARM.Collect$$$$0000000B)
    __rt_lib_shutdown_fini                   0x080000fd   Thumb Code     0  entry12b.o(.ARM.Collect$$$$0000000E)
    __rt_final_cpp                           0x08000101   Thumb Code     0  entry10a.o(.ARM.Collect$$$$0000000F)
    __rt_final_exit                          0x08000101   Thumb Code     0  entry11a.o(.ARM.Collect$$$$00000011)
    SVC_Handler                              0x08000105   Thumb Code    32  port.o(.emb_text)
    __asm___6_port_c_39a90d8d__prvStartFirstTask 0x08000129   Thumb Code    28  port.o(.emb_text)
    PendSV_Handler                           0x08000149   Thumb Code    72  port.o(.emb_text)
    vPortGetIPSR                             0x08000195   Thumb Code     6  port.o(.emb_text)
    Reset_Handler                            0x0800019d   Thumb Code     8  startup_stm32f103xb.o(.text)
    ADC1_2_IRQHandler                        0x080001b7   Thumb Code     0  startup_stm32f103xb.o(.text)
    CAN1_RX1_IRQHandler                      0x080001b7   Thumb Code     0  startup_stm32f103xb.o(.text)
    CAN1_SCE_IRQHandler                      0x080001b7   Thumb Code     0  startup_stm32f103xb.o(.text)
    DMA1_Channel1_IRQHandler                 0x080001b7   Thumb Code     0  startup_stm32f103xb.o(.text)
    DMA1_Channel2_IRQHandler                 0x080001b7   Thumb Code     0  startup_stm32f103xb.o(.text)
    DMA1_Channel3_IRQHandler                 0x080001b7   Thumb Code     0  startup_stm32f103xb.o(.text)
    DMA1_Channel4_IRQHandler                 0x080001b7   Thumb Code     0  startup_stm32f103xb.o(.text)
    DMA1_Channel5_IRQHandler                 0x080001b7   Thumb Code     0  startup_stm32f103xb.o(.text)
    DMA1_Channel6_IRQHandler                 0x080001b7   Thumb Code     0  startup_stm32f103xb.o(.text)
    DMA1_Channel7_IRQHandler                 0x080001b7   Thumb Code     0  startup_stm32f103xb.o(.text)
    EXTI0_IRQHandler                         0x080001b7   Thumb Code     0  startup_stm32f103xb.o(.text)
    EXTI15_10_IRQHandler                     0x080001b7   Thumb Code     0  startup_stm32f103xb.o(.text)
    EXTI1_IRQHandler                         0x080001b7   Thumb Code     0  startup_stm32f103xb.o(.text)
    EXTI2_IRQHandler                         0x080001b7   Thumb Code     0  startup_stm32f103xb.o(.text)
    EXTI3_IRQHandler                         0x080001b7   Thumb Code     0  startup_stm32f103xb.o(.text)
    EXTI4_IRQHandler                         0x080001b7   Thumb Code     0  startup_stm32f103xb.o(.text)
    EXTI9_5_IRQHandler                       0x080001b7   Thumb Code     0  startup_stm32f103xb.o(.text)
    FLASH_IRQHandler                         0x080001b7   Thumb Code     0  startup_stm32f103xb.o(.text)
    I2C1_ER_IRQHandler                       0x080001b7   Thumb Code     0  startup_stm32f103xb.o(.text)
    I2C1_EV_IRQHandler                       0x080001b7   Thumb Code     0  startup_stm32f103xb.o(.text)
    I2C2_ER_IRQHandler                       0x080001b7   Thumb Code     0  startup_stm32f103xb.o(.text)
    I2C2_EV_IRQHandler                       0x080001b7   Thumb Code     0  startup_stm32f103xb.o(.text)
    PVD_IRQHandler                           0x080001b7   Thumb Code     0  startup_stm32f103xb.o(.text)
    RCC_IRQHandler                           0x080001b7   Thumb Code     0  startup_stm32f103xb.o(.text)
    RTC_Alarm_IRQHandler                     0x080001b7   Thumb Code     0  startup_stm32f103xb.o(.text)
    RTC_IRQHandler                           0x080001b7   Thumb Code     0  startup_stm32f103xb.o(.text)
    SPI1_IRQHandler                          0x080001b7   Thumb Code     0  startup_stm32f103xb.o(.text)
    SPI2_IRQHandler                          0x080001b7   Thumb Code     0  startup_stm32f103xb.o(.text)
    TAMPER_IRQHandler                        0x080001b7   Thumb Code     0  startup_stm32f103xb.o(.text)
    TIM1_BRK_IRQHandler                      0x080001b7   Thumb Code     0  startup_stm32f103xb.o(.text)
    TIM1_CC_IRQHandler                       0x080001b7   Thumb Code     0  startup_stm32f103xb.o(.text)
    TIM1_TRG_COM_IRQHandler                  0x080001b7   Thumb Code     0  startup_stm32f103xb.o(.text)
    TIM1_UP_IRQHandler                       0x080001b7   Thumb Code     0  startup_stm32f103xb.o(.text)
    TIM2_IRQHandler                          0x080001b7   Thumb Code     0  startup_stm32f103xb.o(.text)
    TIM3_IRQHandler                          0x080001b7   Thumb Code     0  startup_stm32f103xb.o(.text)
    USART1_IRQHandler                        0x080001b7   Thumb Code     0  startup_stm32f103xb.o(.text)
    USART2_IRQHandler                        0x080001b7   Thumb Code     0  startup_stm32f103xb.o(.text)
    USART3_IRQHandler                        0x080001b7   Thumb Code     0  startup_stm32f103xb.o(.text)
    USBWakeUp_IRQHandler                     0x080001b7   Thumb Code     0  startup_stm32f103xb.o(.text)
    USB_HP_CAN1_TX_IRQHandler                0x080001b7   Thumb Code     0  startup_stm32f103xb.o(.text)
    USB_LP_CAN1_RX0_IRQHandler               0x080001b7   Thumb Code     0  startup_stm32f103xb.o(.text)
    WWDG_IRQHandler                          0x080001b7   Thumb Code     0  startup_stm32f103xb.o(.text)
    __aeabi_llsr                             0x080001c1   Thumb Code    32  llushr.o(.text)
    _ll_ushift_r                             0x080001c1   Thumb Code     0  llushr.o(.text)
    __aeabi_memcpy                           0x080001e1   Thumb Code    36  memcpya.o(.text)
    __aeabi_memcpy4                          0x080001e1   Thumb Code     0  memcpya.o(.text)
    __aeabi_memcpy8                          0x080001e1   Thumb Code     0  memcpya.o(.text)
    __aeabi_memset                           0x08000205   Thumb Code    14  memseta.o(.text)
    __aeabi_memset4                          0x08000205   Thumb Code     0  memseta.o(.text)
    __aeabi_memset8                          0x08000205   Thumb Code     0  memseta.o(.text)
    __aeabi_memclr                           0x08000213   Thumb Code     4  memseta.o(.text)
    __aeabi_memclr4                          0x08000213   Thumb Code     0  memseta.o(.text)
    __aeabi_memclr8                          0x08000213   Thumb Code     0  memseta.o(.text)
    memset                                   0x08000217   Thumb Code    18  memseta.o(.text)
    __aeabi_fadd                             0x08000229   Thumb Code   164  fadd.o(.text)
    __aeabi_fsub                             0x080002cd   Thumb Code     6  fadd.o(.text)
    __aeabi_frsub                            0x080002d3   Thumb Code     6  fadd.o(.text)
    __aeabi_fmul                             0x080002d9   Thumb Code   100  fmul.o(.text)
    __aeabi_fdiv                             0x0800033d   Thumb Code   124  fdiv.o(.text)
    __ARM_scalbnf                            0x080003b9   Thumb Code    24  fscalb.o(.text)
    scalbnf                                  0x080003b9   Thumb Code     0  fscalb.o(.text)
    __aeabi_dadd                             0x080003d1   Thumb Code   322  dadd.o(.text)
    __aeabi_dsub                             0x08000513   Thumb Code     6  dadd.o(.text)
    __aeabi_drsub                            0x08000519   Thumb Code     6  dadd.o(.text)
    __aeabi_dmul                             0x0800051f   Thumb Code   228  dmul.o(.text)
    __aeabi_ddiv                             0x08000603   Thumb Code   222  ddiv.o(.text)
    __aeabi_ui2f                             0x080006e1   Thumb Code    10  ffltui.o(.text)
    __aeabi_i2d                              0x080006eb   Thumb Code    34  dflti.o(.text)
    __aeabi_f2iz                             0x0800070d   Thumb Code    50  ffixi.o(.text)
    __aeabi_d2iz                             0x0800073f   Thumb Code    62  dfixi.o(.text)
    __aeabi_f2d                              0x0800077d   Thumb Code    38  f2d.o(.text)
    __aeabi_d2f                              0x080007a3   Thumb Code    56  d2f.o(.text)
    __aeabi_uldivmod                         0x080007db   Thumb Code    98  uldiv.o(.text)
    __aeabi_llsl                             0x0800083d   Thumb Code    30  llshl.o(.text)
    _ll_shift_l                              0x0800083d   Thumb Code     0  llshl.o(.text)
    __aeabi_lasr                             0x0800085b   Thumb Code    36  llsshr.o(.text)
    _ll_sshift_r                             0x0800085b   Thumb Code     0  llsshr.o(.text)
    __I$use$fp                               0x0800087f   Thumb Code     0  iusefp.o(.text)
    _float_round                             0x0800087f   Thumb Code    18  fepilogue.o(.text)
    _float_epilogue                          0x08000891   Thumb Code    92  fepilogue.o(.text)
    _double_round                            0x080008ed   Thumb Code    30  depilogue.o(.text)
    _double_epilogue                         0x0800090b   Thumb Code   156  depilogue.o(.text)
    __ARM_scalbn                             0x080009a7   Thumb Code    46  dscalb.o(.text)
    scalbn                                   0x080009a7   Thumb Code     0  dscalb.o(.text)
    __aeabi_cdcmpeq                          0x080009d5   Thumb Code     0  cdcmple.o(.text)
    __aeabi_cdcmple                          0x080009d5   Thumb Code    48  cdcmple.o(.text)
    __scatterload                            0x08000a05   Thumb Code    28  init.o(.text)
    __scatterload_rt2                        0x08000a05   Thumb Code     0  init.o(.text)
    BQ76940_Init                             0x08000b89   Thumb Code   180  bsp_bq76940.o(i.BQ76940_Init)
    BQ76940_ReadCellVoltages                 0x08000d01   Thumb Code   108  bsp_bq76940.o(i.BQ76940_ReadCellVoltages)
    BQ76940_ReadCurrent                      0x08000da5   Thumb Code    70  bsp_bq76940.o(i.BQ76940_ReadCurrent)
    BQ76940_ReadTemperature                  0x08000ead   Thumb Code   164  bsp_bq76940.o(i.BQ76940_ReadTemperature)
    BalanceControlTask                       0x08001031   Thumb Code    12  balancecontroltask.o(i.BalanceControlTask)
    BatteryGaugeTask                         0x0800103d   Thumb Code    12  batterygaugetask.o(i.BatteryGaugeTask)
    BusFault_Handler                         0x08001049   Thumb Code     2  stm32f1xx_it.o(i.BusFault_Handler)
    CommTask                                 0x0800104b   Thumb Code    12  commtask.o(i.CommTask)
    DataAcqTask                              0x08001059   Thumb Code   166  dataacqtask.o(i.DataAcqTask)
    DebugMon_Handler                         0x0800120d   Thumb Code     2  stm32f1xx_it.o(i.DebugMon_Handler)
    Error_Handler                            0x0800120f   Thumb Code     4  main.o(i.Error_Handler)
    FaultProtectTask                         0x08001213   Thumb Code    12  faultprotecttask.o(i.FaultProtectTask)
    HAL_Delay                                0x08001221   Thumb Code    32  stm32f1xx_hal.o(i.HAL_Delay)
    HAL_GPIO_Init                            0x08001245   Thumb Code   446  stm32f1xx_hal_gpio.o(i.HAL_GPIO_Init)
    HAL_GPIO_ReadPin                         0x08001425   Thumb Code    10  stm32f1xx_hal_gpio.o(i.HAL_GPIO_ReadPin)
    HAL_GPIO_TogglePin                       0x0800142f   Thumb Code    16  stm32f1xx_hal_gpio.o(i.HAL_GPIO_TogglePin)
    HAL_GPIO_WritePin                        0x0800143f   Thumb Code    10  stm32f1xx_hal_gpio.o(i.HAL_GPIO_WritePin)
    HAL_GetTick                              0x08001449   Thumb Code     6  stm32f1xx_hal.o(i.HAL_GetTick)
    HAL_IncTick                              0x08001455   Thumb Code    12  stm32f1xx_hal.o(i.HAL_IncTick)
    HAL_Init                                 0x08001465   Thumb Code    32  stm32f1xx_hal.o(i.HAL_Init)
    HAL_InitTick                             0x08001489   Thumb Code   132  stm32f1xx_hal_timebase_tim.o(i.HAL_InitTick)
    HAL_MspInit                              0x08001521   Thumb Code    62  stm32f1xx_hal_msp.o(i.HAL_MspInit)
    HAL_NVIC_EnableIRQ                       0x08001569   Thumb Code    26  stm32f1xx_hal_cortex.o(i.HAL_NVIC_EnableIRQ)
    HAL_NVIC_SetPriority                     0x08001585   Thumb Code    60  stm32f1xx_hal_cortex.o(i.HAL_NVIC_SetPriority)
    HAL_NVIC_SetPriorityGrouping             0x080015c5   Thumb Code    26  stm32f1xx_hal_cortex.o(i.HAL_NVIC_SetPriorityGrouping)
    HAL_RCC_ClockConfig                      0x080015e9   Thumb Code   280  stm32f1xx_hal_rcc.o(i.HAL_RCC_ClockConfig)
    HAL_RCC_GetClockConfig                   0x08001715   Thumb Code    54  stm32f1xx_hal_rcc.o(i.HAL_RCC_GetClockConfig)
    HAL_RCC_GetPCLK1Freq                     0x08001755   Thumb Code    20  stm32f1xx_hal_rcc.o(i.HAL_RCC_GetPCLK1Freq)
    HAL_RCC_GetPCLK2Freq                     0x08001775   Thumb Code    20  stm32f1xx_hal_rcc.o(i.HAL_RCC_GetPCLK2Freq)
    HAL_RCC_GetSysClockFreq                  0x08001795   Thumb Code    58  stm32f1xx_hal_rcc.o(i.HAL_RCC_GetSysClockFreq)
    HAL_RCC_OscConfig                        0x080017e1   Thumb Code   778  stm32f1xx_hal_rcc.o(i.HAL_RCC_OscConfig)
    HAL_TIMEx_BreakCallback                  0x08001b01   Thumb Code     2  stm32f1xx_hal_tim_ex.o(i.HAL_TIMEx_BreakCallback)
    HAL_TIMEx_CommutCallback                 0x08001b03   Thumb Code     2  stm32f1xx_hal_tim_ex.o(i.HAL_TIMEx_CommutCallback)
    HAL_TIM_Base_Init                        0x08001b05   Thumb Code    90  stm32f1xx_hal_tim.o(i.HAL_TIM_Base_Init)
    HAL_TIM_Base_MspInit                     0x08001b5f   Thumb Code     2  stm32f1xx_hal_tim.o(i.HAL_TIM_Base_MspInit)
    HAL_TIM_Base_Start_IT                    0x08001b61   Thumb Code    76  stm32f1xx_hal_tim.o(i.HAL_TIM_Base_Start_IT)
    HAL_TIM_IC_CaptureCallback               0x08001bb9   Thumb Code     2  stm32f1xx_hal_tim.o(i.HAL_TIM_IC_CaptureCallback)
    HAL_TIM_IRQHandler                       0x08001bbb   Thumb Code   358  stm32f1xx_hal_tim.o(i.HAL_TIM_IRQHandler)
    HAL_TIM_OC_DelayElapsedCallback          0x08001d21   Thumb Code     2  stm32f1xx_hal_tim.o(i.HAL_TIM_OC_DelayElapsedCallback)
    HAL_TIM_PWM_PulseFinishedCallback        0x08001d23   Thumb Code     2  stm32f1xx_hal_tim.o(i.HAL_TIM_PWM_PulseFinishedCallback)
    HAL_TIM_PeriodElapsedCallback            0x08001d25   Thumb Code    14  main.o(i.HAL_TIM_PeriodElapsedCallback)
    HAL_TIM_TriggerCallback                  0x08001d39   Thumb Code     2  stm32f1xx_hal_tim.o(i.HAL_TIM_TriggerCallback)
    HAL_UART_Init                            0x08001d3b   Thumb Code   100  stm32f1xx_hal_uart.o(i.HAL_UART_Init)
    HAL_UART_MspInit                         0x08001da1   Thumb Code   100  usart.o(i.HAL_UART_MspInit)
    HAL_UART_Transmit                        0x08001e11   Thumb Code   154  stm32f1xx_hal_uart.o(i.HAL_UART_Transmit)
    HardFault_Handler                        0x08001eab   Thumb Code     2  stm32f1xx_it.o(i.HardFault_Handler)
    I2C_Read                                 0x08001ec7   Thumb Code   216  drv_i2c.o(i.I2C_Read)
    I2C_Write                                0x0800204d   Thumb Code   110  drv_i2c.o(i.I2C_Write)
    MX_FREERTOS_Init                         0x080020e9   Thumb Code    22  freertos.o(i.MX_FREERTOS_Init)
    MX_GPIO_Init                             0x0800210d   Thumb Code    86  gpio.o(i.MX_GPIO_Init)
    MX_USART1_UART_Init                      0x0800216d   Thumb Code    48  usart.o(i.MX_USART1_UART_Init)
    MemManage_Handler                        0x080021a5   Thumb Code     2  stm32f1xx_it.o(i.MemManage_Handler)
    NMI_Handler                              0x080021a7   Thumb Code     2  stm32f1xx_it.o(i.NMI_Handler)
    StartDefaultTask                         0x080021a9   Thumb Code    26  freertos.o(i.StartDefaultTask)
    StateControlTask                         0x080021c9   Thumb Code    12  statecontroltask.o(i.StateControlTask)
    SysTick_Handler                          0x080021d5   Thumb Code    38  port.o(i.SysTick_Handler)
    SystemClock_Config                       0x08002201   Thumb Code    94  main.o(i.SystemClock_Config)
    SystemInit                               0x0800225f   Thumb Code     2  system_stm32f1xx.o(i.SystemInit)
    TIM4_IRQHandler                          0x08002261   Thumb Code     6  stm32f1xx_it.o(i.TIM4_IRQHandler)
    TIM_Base_SetConfig                       0x0800226d   Thumb Code    94  stm32f1xx_hal_tim.o(i.TIM_Base_SetConfig)
    TaskInit                                 0x080022d9   Thumb Code    88  taskinit.o(i.TaskInit)
    UsageFault_Handler                       0x08002481   Thumb Code     2  stm32f1xx_it.o(i.UsageFault_Handler)
    __0printf$8                              0x08002485   Thumb Code    22  printf8.o(i.__0printf$8)
    __1printf$8                              0x08002485   Thumb Code     0  printf8.o(i.__0printf$8)
    __2printf                                0x08002485   Thumb Code     0  printf8.o(i.__0printf$8)
    __kernel_poly                            0x080024c5   Thumb Code   170  poly.o(i.__kernel_poly)
    __mathlib_dbl_divzero                    0x08002571   Thumb Code    12  dunder.o(i.__mathlib_dbl_divzero)
    __mathlib_dbl_infnan                     0x08002581   Thumb Code     6  dunder.o(i.__mathlib_dbl_infnan)
    __mathlib_dbl_invalid                    0x08002587   Thumb Code    12  dunder.o(i.__mathlib_dbl_invalid)
    __scatterload_copy                       0x08002593   Thumb Code    14  handlers.o(i.__scatterload_copy)
    __scatterload_null                       0x080025a1   Thumb Code     2  handlers.o(i.__scatterload_null)
    __scatterload_zeroinit                   0x080025a3   Thumb Code    14  handlers.o(i.__scatterload_zeroinit)
    __set_errno                              0x080025b1   Thumb Code     6  errno.o(i.__set_errno)
    fputc                                    0x08002a15   Thumb Code    20  usart.o(i.fputc)
    log                                      0x08002a2d   Thumb Code   808  log.o(i.log)
    main                                     0x08002d89   Thumb Code    30  main.o(i.main)
    osDelay                                  0x08002da9   Thumb Code    46  cmsis_os2.o(i.osDelay)
    osKernelInitialize                       0x08002ddd   Thumb Code    50  cmsis_os2.o(i.osKernelInitialize)
    osKernelStart                            0x08002e15   Thumb Code    58  cmsis_os2.o(i.osKernelStart)
    osThreadNew                              0x08002e55   Thumb Code   160  cmsis_os2.o(i.osThreadNew)
    pvPortMalloc                             0x0800363d   Thumb Code   210  heap_4.o(i.pvPortMalloc)
    pxPortInitialiseStack                    0x08003715   Thumb Code    32  port.o(i.pxPortInitialiseStack)
    uxListRemove                             0x08003739   Thumb Code    38  list.o(i.uxListRemove)
    vApplicationGetIdleTaskMemory            0x08003761   Thumb Code    16  cmsis_os2.o(i.vApplicationGetIdleTaskMemory)
    vApplicationGetTimerTaskMemory           0x08003775   Thumb Code    18  cmsis_os2.o(i.vApplicationGetTimerTaskMemory)
    vListInitialise                          0x0800378d   Thumb Code    22  list.o(i.vListInitialise)
    vListInitialiseItem                      0x080037a3   Thumb Code     6  list.o(i.vListInitialiseItem)
    vListInsert                              0x080037a9   Thumb Code    48  list.o(i.vListInsert)
    vListInsertEnd                           0x080037d9   Thumb Code    24  list.o(i.vListInsertEnd)
    vPortEnterCritical                       0x080037f1   Thumb Code    54  port.o(i.vPortEnterCritical)
    vPortExitCritical                        0x08003831   Thumb Code    34  port.o(i.vPortExitCritical)
    vPortFree                                0x08003859   Thumb Code    88  heap_4.o(i.vPortFree)
    vPortSetupTimerInterrupt                 0x080038b5   Thumb Code    32  port.o(i.vPortSetupTimerInterrupt)
    vPortValidateInterruptPriority           0x080038d9   Thumb Code    74  port.o(i.vPortValidateInterruptPriority)
    vQueueAddToRegistry                      0x0800392d   Thumb Code    34  queue.o(i.vQueueAddToRegistry)
    vQueueWaitForMessageRestricted           0x08003955   Thumb Code    68  queue.o(i.vQueueWaitForMessageRestricted)
    vTaskDelay                               0x08003999   Thumb Code    66  tasks.o(i.vTaskDelay)
    vTaskInternalSetTimeOutState             0x080039e5   Thumb Code    12  tasks.o(i.vTaskInternalSetTimeOutState)
    vTaskMissedYield                         0x080039f5   Thumb Code     8  tasks.o(i.vTaskMissedYield)
    vTaskPlaceOnEventList                    0x08003a01   Thumb Code    44  tasks.o(i.vTaskPlaceOnEventList)
    vTaskPlaceOnEventListRestricted          0x08003a31   Thumb Code    52  tasks.o(i.vTaskPlaceOnEventListRestricted)
    vTaskStartScheduler                      0x08003a69   Thumb Code   118  tasks.o(i.vTaskStartScheduler)
    vTaskSuspendAll                          0x08003af1   Thumb Code    10  tasks.o(i.vTaskSuspendAll)
    vTaskSwitchContext                       0x08003b01   Thumb Code    90  tasks.o(i.vTaskSwitchContext)
    xPortStartScheduler                      0x08003b65   Thumb Code   154  port.o(i.xPortStartScheduler)
    xQueueGenericCreateStatic                0x08003c0d   Thumb Code   102  queue.o(i.xQueueGenericCreateStatic)
    xQueueGenericReset                       0x08003c75   Thumb Code   132  queue.o(i.xQueueGenericReset)
    xQueueGenericSend                        0x08003cfd   Thumb Code   346  queue.o(i.xQueueGenericSend)
    xQueueGenericSendFromISR                 0x08003e5d   Thumb Code   188  queue.o(i.xQueueGenericSendFromISR)
    xQueueReceive                            0x08003f19   Thumb Code   308  queue.o(i.xQueueReceive)
    xTaskCheckForTimeOut                     0x08004051   Thumb Code   112  tasks.o(i.xTaskCheckForTimeOut)
    xTaskCreate                              0x080040c5   Thumb Code    90  tasks.o(i.xTaskCreate)
    xTaskCreateStatic                        0x0800411f   Thumb Code    86  tasks.o(i.xTaskCreateStatic)
    xTaskGetSchedulerState                   0x08004175   Thumb Code    22  tasks.o(i.xTaskGetSchedulerState)
    xTaskGetTickCount                        0x08004191   Thumb Code     6  tasks.o(i.xTaskGetTickCount)
    xTaskIncrementTick                       0x0800419d   Thumb Code   190  tasks.o(i.xTaskIncrementTick)
    xTaskPriorityDisinherit                  0x08004265   Thumb Code   118  tasks.o(i.xTaskPriorityDisinherit)
    xTaskRemoveFromEventList                 0x080042e5   Thumb Code    98  tasks.o(i.xTaskRemoveFromEventList)
    xTaskResumeAll                           0x08004355   Thumb Code   182  tasks.o(i.xTaskResumeAll)
    xTimerCreateTimerTask                    0x08004419   Thumb Code    78  timers.o(i.xTimerCreateTimerTask)
    xTimerGenericCommand                     0x08004479   Thumb Code    98  timers.o(i.xTimerGenericCommand)
    defaultTask_attributes                   0x080044e0   Data          36  freertos.o(.constdata)
    AHBPrescTable                            0x08004516   Data          16  system_stm32f1xx.o(.constdata)
    APBPrescTable                            0x08004526   Data           8  system_stm32f1xx.o(.constdata)
    faultProtectTask_attributes              0x08004530   Data          36  taskinit.o(.constdata)
    dataAcqTask_attributes                   0x08004554   Data          36  taskinit.o(.constdata)
    stateControlTask_attributes              0x08004578   Data          36  taskinit.o(.constdata)
    batteryGaugeTask_attributes              0x0800459c   Data          36  taskinit.o(.constdata)
    commTask_attributes                      0x080045c0   Data          36  taskinit.o(.constdata)
    balanceControlTask_attributes            0x080045e4   Data          36  taskinit.o(.constdata)
    __mathlib_zero                           0x08004650   Data           8  qnan.o(.constdata)
    Region$$Table$$Base                      0x080046cc   Number         0  anon$$obj.o(Region$$Table)
    Region$$Table$$Limit                     0x080046ec   Number         0  anon$$obj.o(Region$$Table)
    defaultTaskHandle                        0x20000000   Data           4  freertos.o(.data)
    uwTickFreq                               0x20000004   Data           1  stm32f1xx_hal.o(.data)
    uwTickPrio                               0x20000008   Data           4  stm32f1xx_hal.o(.data)
    uwTick                                   0x2000000c   Data           4  stm32f1xx_hal.o(.data)
    SystemCoreClock                          0x20000010   Data           4  system_stm32f1xx.o(.data)
    pxCurrentTCB                             0x20000014   Data           4  tasks.o(.data)
    faultProtectTaskHandle                   0x2000008c   Data           4  taskinit.o(.data)
    dataAcqTaskHandle                        0x20000090   Data           4  taskinit.o(.data)
    stateControlTaskHandle                   0x20000094   Data           4  taskinit.o(.data)
    batteryGaugeTaskHandle                   0x20000098   Data           4  taskinit.o(.data)
    commTaskHandle                           0x2000009c   Data           4  taskinit.o(.data)
    balanceControlTaskHandle                 0x200000a0   Data           4  taskinit.o(.data)
    __stdout                                 0x200000b4   Data           4  stdout.o(.data)
    huart1                                   0x200000bc   Data          72  usart.o(.bss)
    htim4                                    0x20000104   Data          72  stm32f1xx_hal_timebase_tim.o(.bss)
    xQueueRegistry                           0x2000014c   Data          64  queue.o(.bss)
    g_bms_data                               0x20003620   Data          34  bms_global.o(.bss)
    __initial_sp                             0x20003a48   Data           0  startup_stm32f103xb.o(STACK)



==============================================================================

Memory Map of the image

  Image Entry point : 0x080000ed

  Load Region LR_IROM1 (Base: 0x08000000, Size: 0x000047a8, Max: 0x00010000, ABSOLUTE)

    Execution Region ER_IROM1 (Exec base: 0x08000000, Load base: 0x08000000, Size: 0x000046ec, Max: 0x00010000, ABSOLUTE)

    Exec Addr    Load Addr    Size         Type   Attr      Idx    E Section Name        Object

    0x08000000   0x08000000   0x000000ec   Data   RO            3    RESET               startup_stm32f103xb.o
    0x080000ec   0x080000ec   0x00000000   Code   RO         4819  * .ARM.Collect$$$$00000000  mc_w.l(entry.o)
    0x080000ec   0x080000ec   0x00000004   Code   RO         5136    .ARM.Collect$$$$00000001  mc_w.l(entry2.o)
    0x080000f0   0x080000f0   0x00000004   Code   RO         5139    .ARM.Collect$$$$00000004  mc_w.l(entry5.o)
    0x080000f4   0x080000f4   0x00000000   Code   RO         5141    .ARM.Collect$$$$00000008  mc_w.l(entry7b.o)
    0x080000f4   0x080000f4   0x00000000   Code   RO         5143    .ARM.Collect$$$$0000000A  mc_w.l(entry8b.o)
    0x080000f4   0x080000f4   0x00000008   Code   RO         5144    .ARM.Collect$$$$0000000B  mc_w.l(entry9a.o)
    0x080000fc   0x080000fc   0x00000004   Code   RO         5151    .ARM.Collect$$$$0000000E  mc_w.l(entry12b.o)
    0x08000100   0x08000100   0x00000000   Code   RO         5146    .ARM.Collect$$$$0000000F  mc_w.l(entry10a.o)
    0x08000100   0x08000100   0x00000000   Code   RO         5148    .ARM.Collect$$$$00000011  mc_w.l(entry11a.o)
    0x08000100   0x08000100   0x00000004   Code   RO         5137    .ARM.Collect$$$$00002712  mc_w.l(entry2.o)
    0x08000104   0x08000104   0x00000096   Code   RO         4358    .emb_text           port.o
    0x0800019a   0x0800019a   0x00000002   PAD
    0x0800019c   0x0800019c   0x00000024   Code   RO            4    .text               startup_stm32f103xb.o
    0x080001c0   0x080001c0   0x00000020   Code   RO         4822    .text               mc_w.l(llushr.o)
    0x080001e0   0x080001e0   0x00000024   Code   RO         4824    .text               mc_w.l(memcpya.o)
    0x08000204   0x08000204   0x00000024   Code   RO         4828    .text               mc_w.l(memseta.o)
    0x08000228   0x08000228   0x000000b0   Code   RO         5093    .text               mf_w.l(fadd.o)
    0x080002d8   0x080002d8   0x00000064   Code   RO         5095    .text               mf_w.l(fmul.o)
    0x0800033c   0x0800033c   0x0000007c   Code   RO         5097    .text               mf_w.l(fdiv.o)
    0x080003b8   0x080003b8   0x00000018   Code   RO         5099    .text               mf_w.l(fscalb.o)
    0x080003d0   0x080003d0   0x0000014e   Code   RO         5101    .text               mf_w.l(dadd.o)
    0x0800051e   0x0800051e   0x000000e4   Code   RO         5103    .text               mf_w.l(dmul.o)
    0x08000602   0x08000602   0x000000de   Code   RO         5105    .text               mf_w.l(ddiv.o)
    0x080006e0   0x080006e0   0x0000000a   Code   RO         5107    .text               mf_w.l(ffltui.o)
    0x080006ea   0x080006ea   0x00000022   Code   RO         5109    .text               mf_w.l(dflti.o)
    0x0800070c   0x0800070c   0x00000032   Code   RO         5111    .text               mf_w.l(ffixi.o)
    0x0800073e   0x0800073e   0x0000003e   Code   RO         5113    .text               mf_w.l(dfixi.o)
    0x0800077c   0x0800077c   0x00000026   Code   RO         5115    .text               mf_w.l(f2d.o)
    0x080007a2   0x080007a2   0x00000038   Code   RO         5117    .text               mf_w.l(d2f.o)
    0x080007da   0x080007da   0x00000062   Code   RO         5155    .text               mc_w.l(uldiv.o)
    0x0800083c   0x0800083c   0x0000001e   Code   RO         5157    .text               mc_w.l(llshl.o)
    0x0800085a   0x0800085a   0x00000024   Code   RO         5159    .text               mc_w.l(llsshr.o)
    0x0800087e   0x0800087e   0x00000000   Code   RO         5168    .text               mc_w.l(iusefp.o)
    0x0800087e   0x0800087e   0x0000006e   Code   RO         5169    .text               mf_w.l(fepilogue.o)
    0x080008ec   0x080008ec   0x000000ba   Code   RO         5171    .text               mf_w.l(depilogue.o)
    0x080009a6   0x080009a6   0x0000002e   Code   RO         5173    .text               mf_w.l(dscalb.o)
    0x080009d4   0x080009d4   0x00000030   Code   RO         5177    .text               mf_w.l(cdcmple.o)
    0x08000a04   0x08000a04   0x00000024   Code   RO         5181    .text               mc_w.l(init.o)
    0x08000a28   0x08000a28   0x00000088   Code   RO         4611    i.BQ76940_GPIOInit  bsp_bq76940.o
    0x08000ab0   0x08000ab0   0x000000d8   Code   RO         4612    i.BQ76940_GetCalibrationParams  bsp_bq76940.o
    0x08000b88   0x08000b88   0x00000124   Code   RO         4614    i.BQ76940_Init      bsp_bq76940.o
    0x08000cac   0x08000cac   0x00000054   Code   RO         4617    i.BQ76940_ReadByteWithCRC  bsp_bq76940.o
    0x08000d00   0x08000d00   0x000000a4   Code   RO         4618    i.BQ76940_ReadCellVoltages  bsp_bq76940.o
    0x08000da4   0x08000da4   0x00000074   Code   RO         4619    i.BQ76940_ReadCurrent  bsp_bq76940.o
    0x08000e18   0x08000e18   0x00000094   Code   RO         4620    i.BQ76940_ReadHalfWordWithCRC  bsp_bq76940.o
    0x08000eac   0x08000eac   0x000000f0   Code   RO         4621    i.BQ76940_ReadTemperature  bsp_bq76940.o
    0x08000f9c   0x08000f9c   0x00000094   Code   RO         4622    i.BQ76940_WriteByteWithCRC  bsp_bq76940.o
    0x08001030   0x08001030   0x0000000c   Code   RO         4582    i.BalanceControlTask  balancecontroltask.o
    0x0800103c   0x0800103c   0x0000000c   Code   RO         4558    i.BatteryGaugeTask  batterygaugetask.o
    0x08001048   0x08001048   0x00000002   Code   RO          305    i.BusFault_Handler  stm32f1xx_it.o
    0x0800104a   0x0800104a   0x0000000c   Code   RO         4570    i.CommTask          commtask.o
    0x08001056   0x08001056   0x00000002   PAD
    0x08001058   0x08001058   0x000001b4   Code   RO         4515    i.DataAcqTask       dataacqtask.o
    0x0800120c   0x0800120c   0x00000002   Code   RO          306    i.DebugMon_Handler  stm32f1xx_it.o
    0x0800120e   0x0800120e   0x00000004   Code   RO           13    i.Error_Handler     main.o
    0x08001212   0x08001212   0x0000000c   Code   RO         4500    i.FaultProtectTask  faultprotecttask.o
    0x0800121e   0x0800121e   0x00000002   PAD
    0x08001220   0x08001220   0x00000024   Code   RO          475    i.HAL_Delay         stm32f1xx_hal.o
    0x08001244   0x08001244   0x000001e0   Code   RO          785    i.HAL_GPIO_Init     stm32f1xx_hal_gpio.o
    0x08001424   0x08001424   0x0000000a   Code   RO          787    i.HAL_GPIO_ReadPin  stm32f1xx_hal_gpio.o
    0x0800142e   0x0800142e   0x00000010   Code   RO          788    i.HAL_GPIO_TogglePin  stm32f1xx_hal_gpio.o
    0x0800143e   0x0800143e   0x0000000a   Code   RO          789    i.HAL_GPIO_WritePin  stm32f1xx_hal_gpio.o
    0x08001448   0x08001448   0x0000000c   Code   RO          479    i.HAL_GetTick       stm32f1xx_hal.o
    0x08001454   0x08001454   0x00000010   Code   RO          485    i.HAL_IncTick       stm32f1xx_hal.o
    0x08001464   0x08001464   0x00000024   Code   RO          486    i.HAL_Init          stm32f1xx_hal.o
    0x08001488   0x08001488   0x00000098   Code   RO          393    i.HAL_InitTick      stm32f1xx_hal_timebase_tim.o
    0x08001520   0x08001520   0x00000048   Code   RO          369    i.HAL_MspInit       stm32f1xx_hal_msp.o
    0x08001568   0x08001568   0x0000001a   Code   RO          945    i.HAL_NVIC_EnableIRQ  stm32f1xx_hal_cortex.o
    0x08001582   0x08001582   0x00000002   PAD
    0x08001584   0x08001584   0x00000040   Code   RO          951    i.HAL_NVIC_SetPriority  stm32f1xx_hal_cortex.o
    0x080015c4   0x080015c4   0x00000024   Code   RO          952    i.HAL_NVIC_SetPriorityGrouping  stm32f1xx_hal_cortex.o
    0x080015e8   0x080015e8   0x0000012c   Code   RO          643    i.HAL_RCC_ClockConfig  stm32f1xx_hal_rcc.o
    0x08001714   0x08001714   0x00000040   Code   RO          647    i.HAL_RCC_GetClockConfig  stm32f1xx_hal_rcc.o
    0x08001754   0x08001754   0x00000020   Code   RO          650    i.HAL_RCC_GetPCLK1Freq  stm32f1xx_hal_rcc.o
    0x08001774   0x08001774   0x00000020   Code   RO          651    i.HAL_RCC_GetPCLK2Freq  stm32f1xx_hal_rcc.o
    0x08001794   0x08001794   0x0000004c   Code   RO          652    i.HAL_RCC_GetSysClockFreq  stm32f1xx_hal_rcc.o
    0x080017e0   0x080017e0   0x00000320   Code   RO          655    i.HAL_RCC_OscConfig  stm32f1xx_hal_rcc.o
    0x08001b00   0x08001b00   0x00000002   Code   RO         2151    i.HAL_TIMEx_BreakCallback  stm32f1xx_hal_tim_ex.o
    0x08001b02   0x08001b02   0x00000002   Code   RO         2152    i.HAL_TIMEx_CommutCallback  stm32f1xx_hal_tim_ex.o
    0x08001b04   0x08001b04   0x0000005a   Code   RO         1447    i.HAL_TIM_Base_Init  stm32f1xx_hal_tim.o
    0x08001b5e   0x08001b5e   0x00000002   Code   RO         1449    i.HAL_TIM_Base_MspInit  stm32f1xx_hal_tim.o
    0x08001b60   0x08001b60   0x00000058   Code   RO         1452    i.HAL_TIM_Base_Start_IT  stm32f1xx_hal_tim.o
    0x08001bb8   0x08001bb8   0x00000002   Code   RO         1481    i.HAL_TIM_IC_CaptureCallback  stm32f1xx_hal_tim.o
    0x08001bba   0x08001bba   0x00000166   Code   RO         1495    i.HAL_TIM_IRQHandler  stm32f1xx_hal_tim.o
    0x08001d20   0x08001d20   0x00000002   Code   RO         1498    i.HAL_TIM_OC_DelayElapsedCallback  stm32f1xx_hal_tim.o
    0x08001d22   0x08001d22   0x00000002   Code   RO         1525    i.HAL_TIM_PWM_PulseFinishedCallback  stm32f1xx_hal_tim.o
    0x08001d24   0x08001d24   0x00000014   Code   RO           14    i.HAL_TIM_PeriodElapsedCallback  main.o
    0x08001d38   0x08001d38   0x00000002   Code   RO         1538    i.HAL_TIM_TriggerCallback  stm32f1xx_hal_tim.o
    0x08001d3a   0x08001d3a   0x00000064   Code   RO         2448    i.HAL_UART_Init     stm32f1xx_hal_uart.o
    0x08001d9e   0x08001d9e   0x00000002   PAD
    0x08001da0   0x08001da0   0x00000070   Code   RO          258    i.HAL_UART_MspInit  usart.o
    0x08001e10   0x08001e10   0x0000009a   Code   RO         2456    i.HAL_UART_Transmit  stm32f1xx_hal_uart.o
    0x08001eaa   0x08001eaa   0x00000002   Code   RO          307    i.HardFault_Handler  stm32f1xx_it.o
    0x08001eac   0x08001eac   0x0000001a   Code   RO         4739    i.I2C_Delay         drv_i2c.o
    0x08001ec6   0x08001ec6   0x000000d8   Code   RO         4740    i.I2C_Read          drv_i2c.o
    0x08001f9e   0x08001f9e   0x00000014   Code   RO         4741    i.I2C_ReadSDA       drv_i2c.o
    0x08001fb2   0x08001fb2   0x00000026   Code   RO         4742    i.I2C_ReceiveAck    drv_i2c.o
    0x08001fd8   0x08001fd8   0x00000030   Code   RO         4743    i.I2C_SendByte      drv_i2c.o
    0x08002008   0x08002008   0x00000026   Code   RO         4744    i.I2C_Start         drv_i2c.o
    0x0800202e   0x0800202e   0x0000001e   Code   RO         4745    i.I2C_Stop          drv_i2c.o
    0x0800204c   0x0800204c   0x0000006e   Code   RO         4746    i.I2C_Write         drv_i2c.o
    0x080020ba   0x080020ba   0x00000016   Code   RO         4747    i.I2C_WriteSCL      drv_i2c.o
    0x080020d0   0x080020d0   0x00000016   Code   RO         4748    i.I2C_WriteSDA      drv_i2c.o
    0x080020e6   0x080020e6   0x00000002   PAD
    0x080020e8   0x080020e8   0x00000024   Code   RO          205    i.MX_FREERTOS_Init  freertos.o
    0x0800210c   0x0800210c   0x00000060   Code   RO          181    i.MX_GPIO_Init      gpio.o
    0x0800216c   0x0800216c   0x00000038   Code   RO          259    i.MX_USART1_UART_Init  usart.o
    0x080021a4   0x080021a4   0x00000002   Code   RO          308    i.MemManage_Handler  stm32f1xx_it.o
    0x080021a6   0x080021a6   0x00000002   Code   RO          309    i.NMI_Handler       stm32f1xx_it.o
    0x080021a8   0x080021a8   0x00000020   Code   RO          206    i.StartDefaultTask  freertos.o
    0x080021c8   0x080021c8   0x0000000c   Code   RO         4546    i.StateControlTask  statecontroltask.o
    0x080021d4   0x080021d4   0x0000002c   Code   RO         4359    i.SysTick_Handler   port.o
    0x08002200   0x08002200   0x0000005e   Code   RO           15    i.SystemClock_Config  main.o
    0x0800225e   0x0800225e   0x00000002   Code   RO         2782    i.SystemInit        system_stm32f1xx.o
    0x08002260   0x08002260   0x0000000c   Code   RO          310    i.TIM4_IRQHandler   stm32f1xx_it.o
    0x0800226c   0x0800226c   0x0000006c   Code   RO         1540    i.TIM_Base_SetConfig  stm32f1xx_hal_tim.o
    0x080022d8   0x080022d8   0x00000078   Code   RO         4459    i.TaskInit          taskinit.o
    0x08002350   0x08002350   0x000000b8   Code   RO         2474    i.UART_SetConfig    stm32f1xx_hal_uart.o
    0x08002408   0x08002408   0x00000078   Code   RO         2477    i.UART_WaitOnFlagUntilTimeout  stm32f1xx_hal_uart.o
    0x08002480   0x08002480   0x00000002   Code   RO          311    i.UsageFault_Handler  stm32f1xx_it.o
    0x08002482   0x08002482   0x00000002   PAD
    0x08002484   0x08002484   0x00000020   Code   RO         5039    i.__0printf$8       mc_w.l(printf8.o)
    0x080024a4   0x080024a4   0x00000020   Code   RO          958    i.__NVIC_SetPriority  stm32f1xx_hal_cortex.o
    0x080024c4   0x080024c4   0x000000aa   Code   RO         5133    i.__kernel_poly     m_ws.l(poly.o)
    0x0800256e   0x0800256e   0x00000002   PAD
    0x08002570   0x08002570   0x00000010   Code   RO         5119    i.__mathlib_dbl_divzero  m_ws.l(dunder.o)
    0x08002580   0x08002580   0x00000006   Code   RO         5120    i.__mathlib_dbl_infnan  m_ws.l(dunder.o)
    0x08002586   0x08002586   0x0000000c   Code   RO         5122    i.__mathlib_dbl_invalid  m_ws.l(dunder.o)
    0x08002592   0x08002592   0x0000000e   Code   RO         5185    i.__scatterload_copy  mc_w.l(handlers.o)
    0x080025a0   0x080025a0   0x00000002   Code   RO         5186    i.__scatterload_null  mc_w.l(handlers.o)
    0x080025a2   0x080025a2   0x0000000e   Code   RO         5187    i.__scatterload_zeroinit  mc_w.l(handlers.o)
    0x080025b0   0x080025b0   0x0000000c   Code   RO         5163    i.__set_errno       mc_w.l(errno.o)
    0x080025bc   0x080025bc   0x00000404   Code   RO         5046    i._printf_core      mc_w.l(printf8.o)
    0x080029c0   0x080029c0   0x00000024   Code   RO         5047    i._printf_post_padding  mc_w.l(printf8.o)
    0x080029e4   0x080029e4   0x0000002e   Code   RO         5048    i._printf_pre_padding  mc_w.l(printf8.o)
    0x08002a12   0x08002a12   0x00000002   PAD
    0x08002a14   0x08002a14   0x00000018   Code   RO          260    i.fputc             usart.o
    0x08002a2c   0x08002a2c   0x0000035c   Code   RO         4810    i.log               m_ws.l(log.o)
    0x08002d88   0x08002d88   0x0000001e   Code   RO           16    i.main              main.o
    0x08002da6   0x08002da6   0x00000002   PAD
    0x08002da8   0x08002da8   0x00000034   Code   RO         3888    i.osDelay           cmsis_os2.o
    0x08002ddc   0x08002ddc   0x00000038   Code   RO         3902    i.osKernelInitialize  cmsis_os2.o
    0x08002e14   0x08002e14   0x00000040   Code   RO         3905    i.osKernelStart     cmsis_os2.o
    0x08002e54   0x08002e54   0x000000a4   Code   RO         3939    i.osThreadNew       cmsis_os2.o
    0x08002ef8   0x08002ef8   0x0000005c   Code   RO         3384    i.prvAddCurrentTaskToDelayedList  tasks.o
    0x08002f54   0x08002f54   0x000000d0   Code   RO         3385    i.prvAddNewTaskToReadyList  tasks.o
    0x08003024   0x08003024   0x00000058   Code   RO         3734    i.prvCheckForValidListAndQueue  timers.o
    0x0800307c   0x0800307c   0x00000026   Code   RO         2987    i.prvCopyDataFromQueue  queue.o
    0x080030a2   0x080030a2   0x0000006c   Code   RO         2988    i.prvCopyDataToQueue  queue.o
    0x0800310e   0x0800310e   0x00000034   Code   RO         3386    i.prvDeleteTCB      tasks.o
    0x08003142   0x08003142   0x00000002   PAD
    0x08003144   0x08003144   0x0000004c   Code   RO         4309    i.prvHeapInit       heap_4.o
    0x08003190   0x08003190   0x00000060   Code   RO         3387    i.prvIdleTask       tasks.o
    0x080031f0   0x080031f0   0x00000022   Code   RO         2990    i.prvInitialiseNewQueue  queue.o
    0x08003212   0x08003212   0x0000009c   Code   RO         3388    i.prvInitialiseNewTask  tasks.o
    0x080032ae   0x080032ae   0x00000002   PAD
    0x080032b0   0x080032b0   0x0000004c   Code   RO         4310    i.prvInsertBlockIntoFreeList  heap_4.o
    0x080032fc   0x080032fc   0x00000038   Code   RO         3736    i.prvInsertTimerInActiveList  timers.o
    0x08003334   0x08003334   0x0000001c   Code   RO         2991    i.prvIsQueueEmpty   queue.o
    0x08003350   0x08003350   0x000000cc   Code   RO         3737    i.prvProcessReceivedCommands  timers.o
    0x0800341c   0x0800341c   0x000000b4   Code   RO         3738    i.prvProcessTimerOrBlockTask  timers.o
    0x080034d0   0x080034d0   0x00000020   Code   RO         3390    i.prvResetNextTaskUnblockTime  tasks.o
    0x080034f0   0x080034f0   0x00000028   Code   RO         3739    i.prvSampleTimeNow  timers.o
    0x08003518   0x08003518   0x0000006c   Code   RO         3740    i.prvSwitchTimerLists  timers.o
    0x08003584   0x08003584   0x00000028   Code   RO         4360    i.prvTaskExitError  port.o
    0x080035ac   0x080035ac   0x00000024   Code   RO         3741    i.prvTimerTask      timers.o
    0x080035d0   0x080035d0   0x0000006a   Code   RO         2992    i.prvUnlockQueue    queue.o
    0x0800363a   0x0800363a   0x00000002   PAD
    0x0800363c   0x0800363c   0x000000d8   Code   RO         4311    i.pvPortMalloc      heap_4.o
    0x08003714   0x08003714   0x00000024   Code   RO         4361    i.pxPortInitialiseStack  port.o
    0x08003738   0x08003738   0x00000026   Code   RO         2947    i.uxListRemove      list.o
    0x0800375e   0x0800375e   0x00000002   PAD
    0x08003760   0x08003760   0x00000014   Code   RO         3951    i.vApplicationGetIdleTaskMemory  cmsis_os2.o
    0x08003774   0x08003774   0x00000018   Code   RO         3952    i.vApplicationGetTimerTaskMemory  cmsis_os2.o
    0x0800378c   0x0800378c   0x00000016   Code   RO         2948    i.vListInitialise   list.o
    0x080037a2   0x080037a2   0x00000006   Code   RO         2949    i.vListInitialiseItem  list.o
    0x080037a8   0x080037a8   0x00000030   Code   RO         2950    i.vListInsert       list.o
    0x080037d8   0x080037d8   0x00000018   Code   RO         2951    i.vListInsertEnd    list.o
    0x080037f0   0x080037f0   0x00000040   Code   RO         4363    i.vPortEnterCritical  port.o
    0x08003830   0x08003830   0x00000028   Code   RO         4364    i.vPortExitCritical  port.o
    0x08003858   0x08003858   0x0000005c   Code   RO         4312    i.vPortFree         heap_4.o
    0x080038b4   0x080038b4   0x00000024   Code   RO         4365    i.vPortSetupTimerInterrupt  port.o
    0x080038d8   0x080038d8   0x00000054   Code   RO         4366    i.vPortValidateInterruptPriority  port.o
    0x0800392c   0x0800392c   0x00000028   Code   RO         2998    i.vQueueAddToRegistry  queue.o
    0x08003954   0x08003954   0x00000044   Code   RO         3002    i.vQueueWaitForMessageRestricted  queue.o
    0x08003998   0x08003998   0x0000004c   Code   RO         3402    i.vTaskDelay        tasks.o
    0x080039e4   0x080039e4   0x00000010   Code   RO         3407    i.vTaskInternalSetTimeOutState  tasks.o
    0x080039f4   0x080039f4   0x0000000c   Code   RO         3408    i.vTaskMissedYield  tasks.o
    0x08003a00   0x08003a00   0x00000030   Code   RO         3410    i.vTaskPlaceOnEventList  tasks.o
    0x08003a30   0x08003a30   0x00000038   Code   RO         3411    i.vTaskPlaceOnEventListRestricted  tasks.o
    0x08003a68   0x08003a68   0x00000088   Code   RO         3419    i.vTaskStartScheduler  tasks.o
    0x08003af0   0x08003af0   0x00000010   Code   RO         3421    i.vTaskSuspendAll   tasks.o
    0x08003b00   0x08003b00   0x00000064   Code   RO         3422    i.vTaskSwitchContext  tasks.o
    0x08003b64   0x08003b64   0x000000a8   Code   RO         4367    i.xPortStartScheduler  port.o
    0x08003c0c   0x08003c0c   0x00000066   Code   RO         3008    i.xQueueGenericCreateStatic  queue.o
    0x08003c72   0x08003c72   0x00000002   PAD
    0x08003c74   0x08003c74   0x00000088   Code   RO         3009    i.xQueueGenericReset  queue.o
    0x08003cfc   0x08003cfc   0x00000160   Code   RO         3010    i.xQueueGenericSend  queue.o
    0x08003e5c   0x08003e5c   0x000000bc   Code   RO         3011    i.xQueueGenericSendFromISR  queue.o
    0x08003f18   0x08003f18   0x00000138   Code   RO         3020    i.xQueueReceive     queue.o
    0x08004050   0x08004050   0x00000074   Code   RO         3423    i.xTaskCheckForTimeOut  tasks.o
    0x080040c4   0x080040c4   0x0000005a   Code   RO         3424    i.xTaskCreate       tasks.o
    0x0800411e   0x0800411e   0x00000056   Code   RO         3425    i.xTaskCreateStatic  tasks.o
    0x08004174   0x08004174   0x0000001c   Code   RO         3429    i.xTaskGetSchedulerState  tasks.o
    0x08004190   0x08004190   0x0000000c   Code   RO         3430    i.xTaskGetTickCount  tasks.o
    0x0800419c   0x0800419c   0x000000c8   Code   RO         3432    i.xTaskIncrementTick  tasks.o
    0x08004264   0x08004264   0x00000080   Code   RO         3435    i.xTaskPriorityDisinherit  tasks.o
    0x080042e4   0x080042e4   0x00000070   Code   RO         3437    i.xTaskRemoveFromEventList  tasks.o
    0x08004354   0x08004354   0x000000c4   Code   RO         3438    i.xTaskResumeAll    tasks.o
    0x08004418   0x08004418   0x00000060   Code   RO         3748    i.xTimerCreateTimerTask  timers.o
    0x08004478   0x08004478   0x00000068   Code   RO         3749    i.xTimerGenericCommand  timers.o
    0x080044e0   0x080044e0   0x00000024   Data   RO          207    .constdata          freertos.o
    0x08004504   0x08004504   0x00000012   Data   RO          656    .constdata          stm32f1xx_hal_rcc.o
    0x08004516   0x08004516   0x00000010   Data   RO         2783    .constdata          system_stm32f1xx.o
    0x08004526   0x08004526   0x00000008   Data   RO         2784    .constdata          system_stm32f1xx.o
    0x0800452e   0x0800452e   0x00000002   PAD
    0x08004530   0x08004530   0x000000d8   Data   RO         4460    .constdata          taskinit.o
    0x08004608   0x08004608   0x00000009   Data   RO         4623    .constdata          bsp_bq76940.o
    0x08004611   0x08004611   0x00000007   PAD
    0x08004618   0x08004618   0x00000038   Data   RO         4811    .constdata          m_ws.l(log.o)
    0x08004650   0x08004650   0x00000008   Data   RO         5135    .constdata          m_ws.l(qnan.o)
    0x08004658   0x08004658   0x0000000c   Data   RO          208    .conststring        freertos.o
    0x08004664   0x08004664   0x00000065   Data   RO         4461    .conststring        taskinit.o
    0x080046c9   0x080046c9   0x00000003   PAD
    0x080046cc   0x080046cc   0x00000020   Data   RO         5183    Region$$Table       anon$$obj.o


    Execution Region RW_IRAM1 (Exec base: 0x20000000, Load base: 0x080046ec, Size: 0x00003a48, Max: 0x00005000, ABSOLUTE)

    Exec Addr    Load Addr    Size         Type   Attr      Idx    E Section Name        Object

    0x20000000   0x080046ec   0x00000004   Data   RW          209    .data               freertos.o
    0x20000004   0x080046f0   0x0000000c   Data   RW          493    .data               stm32f1xx_hal.o
    0x20000010   0x080046fc   0x00000004   Data   RW         2785    .data               system_stm32f1xx.o
    0x20000014   0x08004700   0x0000003c   Data   RW         3441    .data               tasks.o
    0x20000050   0x0800473c   0x00000014   Data   RW         3757    .data               timers.o
    0x20000064   0x08004750   0x00000004   Data   RW         3954    .data               cmsis_os2.o
    0x20000068   0x08004754   0x00000018   Data   RW         4317    .data               heap_4.o
    0x20000080   0x0800476c   0x0000000c   Data   RW         4368    .data               port.o
    0x2000008c   0x08004778   0x00000018   Data   RW         4462    .data               taskinit.o
    0x200000a4   0x08004790   0x00000010   Data   RW         4628    .data               bsp_bq76940.o
    0x200000b4   0x080047a0   0x00000004   Data   RW         5152    .data               mc_w.l(stdout.o)
    0x200000b8   0x080047a4   0x00000004   Data   RW         5164    .data               mc_w.l(errno.o)
    0x200000bc        -       0x00000048   Zero   RW          261    .bss                usart.o
    0x20000104        -       0x00000048   Zero   RW          396    .bss                stm32f1xx_hal_timebase_tim.o
    0x2000014c        -       0x00000040   Zero   RW         3024    .bss                queue.o
    0x2000018c        -       0x000004c4   Zero   RW         3440    .bss                tasks.o
    0x20000650        -       0x00000118   Zero   RW         3756    .bss                timers.o
    0x20000768        -       0x000006b8   Zero   RW         3953    .bss                cmsis_os2.o
    0x20000e20        -       0x00002800   Zero   RW         4316    .bss                heap_4.o
    0x20003620        -       0x00000022   Zero   RW         4438    .bss                bms_global.o
    0x20003642   0x080047a8   0x00000006   PAD
    0x20003648        -       0x00000400   Zero   RW            1    STACK               startup_stm32f103xb.o


==============================================================================

Image component sizes


      Code (inc. data)   RO Data    RW Data    ZI Data      Debug   Object Name

        12          0          0          0          0        481   balancecontroltask.o
        12          0          0          0          0        471   batterygaugetask.o
         0          0          0          0         34        797   bms_global.o
      1544        566          9         16          0       9480   bsp_bq76940.o
       380         32          0          4       1720      14342   cmsis_os2.o
        12          0          0          0          0        439   commtask.o
       436        270          0          0          0        550   dataacqtask.o
       570          0          0          0          0       6871   drv_i2c.o
         0          0          0          0          0      20176   event_groups.o
        12          0          0          0          0        471   faultprotecttask.o
        68         20         48          4          0       4357   freertos.o
        96         10          0          0          0        879   gpio.o
       460         24          0         24      10240       4675   heap_4.o
       138          0          0          0          0       3402   list.o
       148          6          0          0          0     437420   main.o
       662         70          0         12          0      10813   port.o
      1512         20          0          0         64      16896   queue.o
        36          8        236          0       1024        804   startup_stm32f103xb.o
        12          0          0          0          0        471   statecontroltask.o
       100         18          0         12          0       5250   stm32f1xx_hal.o
       158         14          0          0          0      28190   stm32f1xx_hal_cortex.o
       516         34          0          0          0       4132   stm32f1xx_hal_gpio.o
        72         10          0          0          0        874   stm32f1xx_hal_msp.o
      1304         94         18          0          0       5741   stm32f1xx_hal_rcc.o
       654         26          0          0          0       7072   stm32f1xx_hal_tim.o
         4          0          0          0          0       1581   stm32f1xx_hal_tim_ex.o
       152         20          0          0         72       1479   stm32f1xx_hal_timebase_tim.o
       558          6          0          0          0       3984   stm32f1xx_hal_uart.o
        24          6          0          0          0       3027   stm32f1xx_it.o
         0          0          0          0          0       8896   stream_buffer.o
         2          0         24          4          0       1119   system_stm32f1xx.o
       120         32        317         24          0       1925   taskinit.o
      2064        170          0         60       1220      23244   tasks.o
       912         82          0         20        280      25991   timers.o
       192         24          0          0         72       2158   usart.o

    ----------------------------------------------------------------------
     12968       1562        696        180      14732     658458   Object Totals
         0          0         32          0          0          0   (incl. Generated)
        26          0         12          0          6          0   (incl. Padding)

    ----------------------------------------------------------------------

      Code (inc. data)   RO Data    RW Data    ZI Data      Debug   Library Member Name

        34          4          0          0          0        204   dunder.o
       860         52         56          0          0        256   log.o
       170          0          0          0          0         96   poly.o
         0          0          8          0          0          0   qnan.o
         0          0          0          0          0          0   entry.o
         0          0          0          0          0          0   entry10a.o
         0          0          0          0          0          0   entry11a.o
         4          0          0          0          0          0   entry12b.o
         8          4          0          0          0          0   entry2.o
         4          0          0          0          0          0   entry5.o
         0          0          0          0          0          0   entry7b.o
         0          0          0          0          0          0   entry8b.o
         8          4          0          0          0          0   entry9a.o
        12          6          0          4          0         68   errno.o
        30          0          0          0          0          0   handlers.o
        36          8          0          0          0         68   init.o
         0          0          0          0          0          0   iusefp.o
        30          0          0          0          0         68   llshl.o
        36          0          0          0          0         68   llsshr.o
        32          0          0          0          0         68   llushr.o
        36          0          0          0          0         68   memcpya.o
        36          0          0          0          0        108   memseta.o
      1142         54          0          0          0        352   printf8.o
         0          0          0          4          0          0   stdout.o
        98          0          0          0          0         92   uldiv.o
        48          0          0          0          0         68   cdcmple.o
        56          0          0          0          0         88   d2f.o
       334          0          0          0          0        148   dadd.o
       222          0          0          0          0        100   ddiv.o
       186          0          0          0          0        176   depilogue.o
        62          0          0          0          0         80   dfixi.o
        34          0          0          0          0         76   dflti.o
       228          0          0          0          0         96   dmul.o
        46          0          0          0          0         80   dscalb.o
        38          0          0          0          0         68   f2d.o
       176          0          0          0          0        140   fadd.o
       124          0          0          0          0         88   fdiv.o
       110          0          0          0          0        168   fepilogue.o
        50          0          0          0          0         68   ffixi.o
        10          0          0          0          0         68   ffltui.o
       100          0          0          0          0         76   fmul.o
        24          0          0          0          0         68   fscalb.o

    ----------------------------------------------------------------------
      4428        132         64          8          0       3172   Library Totals
         4          0          0          0          0          0   (incl. Padding)

    ----------------------------------------------------------------------

      Code (inc. data)   RO Data    RW Data    ZI Data      Debug   Library Name

      1064         56         64          0          0        556   m_ws.l
      1512         76          0          8          0        960   mc_w.l
      1848          0          0          0          0       1656   mf_w.l

    ----------------------------------------------------------------------
      4428        132         64          8          0       3172   Library Totals

    ----------------------------------------------------------------------

==============================================================================


      Code (inc. data)   RO Data    RW Data    ZI Data      Debug   

     17396       1694        760        188      14732     652630   Grand Totals
     17396       1694        760        188      14732     652630   ELF Image Totals
     17396       1694        760        188          0          0   ROM Totals

==============================================================================

    Total RO  Size (Code + RO Data)                18156 (  17.73kB)
    Total RW  Size (RW Data + ZI Data)             14920 (  14.57kB)
    Total ROM Size (Code + RO Data + RW Data)      18344 (  17.91kB)

==============================================================================

